###############################################################################
#                                                                             #
# IAR ELF Linker V6.21.1.52794/W32 for ARM              13/Jan/2016  16:16:21 #
# Copyright 2007-2011 IAR Systems AB.                                         #
#                                                                             #
#    Output file  =  D:\Gpay01\Gpay010511\Debug\Exe\ARM_SNPC.out              #
#    Map file     =  D:\Gpay01\Gpay010511\Debug\List\ARM_SNPC.map             #
#    Command line =  D:\Gpay01\Gpay010511\Debug\Obj\ACTCardProc.o             #
#                    D:\Gpay01\Gpay010511\Debug\Obj\Arm70_POS_funtion.o       #
#                    D:\Gpay01\Gpay010511\Debug\Obj\AscLog.o                  #
#                    D:\Gpay01\Gpay010511\Debug\Obj\CRCommand.o               #
#                    D:\Gpay01\Gpay010511\Debug\Obj\CRMemCopy.o               #
#                    D:\Gpay01\Gpay010511\Debug\Obj\CRMemFunc.o               #
#                    D:\Gpay01\Gpay010511\Debug\Obj\CRPowerOn.o               #
#                    D:\Gpay01\Gpay010511\Debug\Obj\CRPrint.o                 #
#                    D:\Gpay01\Gpay010511\Debug\Obj\CRPumpBusy.o              #
#                    D:\Gpay01\Gpay010511\Debug\Obj\CRPumpCall.o              #
#                    D:\Gpay01\Gpay010511\Debug\Obj\CRPumpEOT.o               #
#                    D:\Gpay01\Gpay010511\Debug\Obj\CRSFunc.o                 #
#                    D:\Gpay01\Gpay010511\Debug\Obj\CRVaribles.o              #
#                    D:\Gpay01\Gpay010511\Debug\Obj\CardDrive.o               #
#                    D:\Gpay01\Gpay010511\Debug\Obj\CardReader.o              #
#                    D:\Gpay01\Gpay010511\Debug\Obj\CardReady.o               #
#                    D:\Gpay01\Gpay010511\Debug\Obj\CashTrans.o               #
#                    D:\Gpay01\Gpay010511\Debug\Obj\Cstartup.o                #
#                    D:\Gpay01\Gpay010511\Debug\Obj\Cstartup_SAM7.o           #
#                    D:\Gpay01\Gpay010511\Debug\Obj\DbugUsart.o               #
#                    D:\Gpay01\Gpay010511\Debug\Obj\DbugUsartApp.o            #
#                    D:\Gpay01\Gpay010511\Debug\Obj\DispPumpMsg.o             #
#                    D:\Gpay01\Gpay010511\Debug\Obj\Display.o                 #
#                    D:\Gpay01\Gpay010511\Debug\Obj\ExCRProc.o                #
#                    D:\Gpay01\Gpay010511\Debug\Obj\GreyCard.o                #
#                    D:\Gpay01\Gpay010511\Debug\Obj\ICCardCommand.o           #
#                    D:\Gpay01\Gpay010511\Debug\Obj\ICCardInProc.o            #
#                    D:\Gpay01\Gpay010511\Debug\Obj\ICCardInProc2.o           #
#                    D:\Gpay01\Gpay010511\Debug\Obj\ICCardProc.o              #
#                    D:\Gpay01\Gpay010511\Debug\Obj\Journal.o                 #
#                    D:\Gpay01\Gpay010511\Debug\Obj\KeyMask.o                 #
#                    D:\Gpay01\Gpay010511\Debug\Obj\Keypad.o                  #
#                    D:\Gpay01\Gpay010511\Debug\Obj\Keypad2.o                 #
#                    D:\Gpay01\Gpay010511\Debug\Obj\KeypadMain.o              #
#                    D:\Gpay01\Gpay010511\Debug\Obj\Message.o                 #
#                    D:\Gpay01\Gpay010511\Debug\Obj\POS.o                     #
#                    D:\Gpay01\Gpay010511\Debug\Obj\POSMode2.o                #
#                    D:\Gpay01\Gpay010511\Debug\Obj\PSAMCommand.o             #
#                    D:\Gpay01\Gpay010511\Debug\Obj\PSAMProc.o                #
#                    D:\Gpay01\Gpay010511\Debug\Obj\Pcomm.o                   #
#                    D:\Gpay01\Gpay010511\Debug\Obj\Pdprotect.o               #
#                    D:\Gpay01\Gpay010511\Debug\Obj\Pinit.o                   #
#                    D:\Gpay01\Gpay010511\Debug\Obj\Pos2DataFlash.o           #
#                    D:\Gpay01\Gpay010511\Debug\Obj\PosMode2Func.o            #
#                    D:\Gpay01\Gpay010511\Debug\Obj\PosVar.o                  #
#                    D:\Gpay01\Gpay010511\Debug\Obj\PowerDown.o               #
#                    D:\Gpay01\Gpay010511\Debug\Obj\Pump.o                    #
#                    D:\Gpay01\Gpay010511\Debug\Obj\Pvar.o                    #
#                    D:\Gpay01\Gpay010511\Debug\Obj\RIDCardProc.o             #
#                    D:\Gpay01\Gpay010511\Debug\Obj\Schedule.o                #
#                    D:\Gpay01\Gpay010511\Debug\Obj\Screen.o                  #
#                    D:\Gpay01\Gpay010511\Debug\Obj\SocialCard.o              #
#                    D:\Gpay01\Gpay010511\Debug\Obj\TestCashTrans.o           #
#                    D:\Gpay01\Gpay010511\Debug\Obj\TestPos2Mode.o            #
#                    D:\Gpay01\Gpay010511\Debug\Obj\Verify.o                  #
#                    D:\Gpay01\Gpay010511\Debug\Obj\Voice.o                   #
#                    D:\Gpay01\Gpay010511\Debug\Obj\WorkMode.o                #
#                    D:\Gpay01\Gpay010511\Debug\Obj\WriteLog.o                #
#                    D:\Gpay01\Gpay010511\Debug\Obj\at24.o                    #
#                    D:\Gpay01\Gpay010511\Debug\Obj\at45.o                    #
#                    D:\Gpay01\Gpay010511\Debug\Obj\at83.o                    #
#                    D:\Gpay01\Gpay010511\Debug\Obj\at83c26_app.o             #
#                    D:\Gpay01\Gpay010511\Debug\Obj\control.o                 #
#                    D:\Gpay01\Gpay010511\Debug\Obj\define.o                  #
#                    D:\Gpay01\Gpay010511\Debug\Obj\f_irq.o                   #
#                    D:\Gpay01\Gpay010511\Debug\Obj\init.o                    #
#                    D:\Gpay01\Gpay010511\Debug\Obj\key.o                     #
#                    D:\Gpay01\Gpay010511\Debug\Obj\lcd.o                     #
#                    D:\Gpay01\Gpay010511\Debug\Obj\list.o                    #
#                    D:\Gpay01\Gpay010511\Debug\Obj\m1172.o                   #
#                    D:\Gpay01\Gpay010511\Debug\Obj\main.o                    #
#                    D:\Gpay01\Gpay010511\Debug\Obj\memoryCheck.o             #
#                    D:\Gpay01\Gpay010511\Debug\Obj\print.o                   #
#                    D:\Gpay01\Gpay010511\Debug\Obj\record.o                  #
#                    D:\Gpay01\Gpay010511\Debug\Obj\sem.o                     #
#                    D:\Gpay01\Gpay010511\Debug\Obj\spi.o                     #
#                    D:\Gpay01\Gpay010511\Debug\Obj\tc.o                      #
#                    D:\Gpay01\Gpay010511\Debug\Obj\testPOS2.o                #
#                    D:\Gpay01\Gpay010511\Debug\Obj\testPump.o                #
#                    D:\Gpay01\Gpay010511\Debug\Obj\tools.o                   #
#                    D:\Gpay01\Gpay010511\Debug\Obj\twi.o                     #
#                    D:\Gpay01\Gpay010511\Debug\Obj\usart.o                   #
#                    D:\Gpay01\Gpay010511\Debug\Obj\var.o -o                  #
#                    D:\Gpay01\Gpay010511\Debug\Exe\ARM_SNPC.out --redirect   #
#                    _Printf=_PrintfFull --redirect _Scanf=_ScanfFull --map   #
#                    D:\Gpay01\Gpay010511\Debug\List\ARM_SNPC.map --log       #
#                    initialization,modules,sections,veneers --log_file       #
#                    D:\Gpay01\Gpay010511\Debug\List\ARM_SNPC.log --config    #
#                    D:\Gpay01\Gpay010511\Common\SAM7SE512\Resource\at91SAM7S #
#                    E512_FLASH.icf --semihosting --entry                     #
#                    __iar_program_start --vfe                                #
#                                                                             #
#                                                                             #
###############################################################################

*******************************************************************************
*** RUNTIME MODEL ATTRIBUTES
***

CppFlavor       = *
__Heap_Handler  = DLMalloc
__SystemLibrary = DLib


*******************************************************************************
*** PLACEMENT SUMMARY
***

"A1":  place at 0x00000000 { ro section .intvec };
"P1":  place in [from 0x00000100 to 0x0007ffff] { ro };
"P2":  place in [from 0x00200000 to 0x00207fff] {
          rw, block CSTACK, block SVC_STACK, block IRQ_STACK, block FIQ_STACK,
          block UND_STACK, block ABT_STACK, block HEAP };

  Section            Kind        Address     Size  Object
  -------            ----        -------     ----  ------
"A1":                                        0x40
  .intvec            ro code  0x00000000     0x40  Cstartup.o [1]
                            - 0x00000040     0x40

"P1":                                     0x50b3c
  .text              ro code  0x00000100   0x720c  list.o [1]
  .text              ro code  0x0000730c     0x2c  tc.o [1]
  .text              ro code  0x00007338    0x228  spi.o [1]
  .text              ro code  0x00007560    0x81c  at45.o [1]
  .text              ro code  0x00007d7c    0xdb8  tools.o [1]
  .text              ro code  0x00008b34    0x570  tc.o [1]
  .text              ro code  0x000090a4     0x54  strlen.o [5]
  .text              ro code  0x000090f8     0xd4  DbugUsart.o [1]
  .text              ro code  0x000091cc     0x7c  memoryCheck.o [1]
  .text              ro code  0x00009248     0x18  tools.o [1]
  .text              ro code  0x00009260     0x30  list.o [1]
  .text              ro code  0x00009290   0x1ae8  AscLog.o [1]
  .text              ro code  0x0000ad78    0xcd4  record.o [1]
  .text              ro code  0x0000ba4c     0x2c  tools.o [1]
  .text              ro code  0x0000ba78    0x1d4  I32DivMod.o [5]
  .text              ro code  0x0000bc4c     0x74  memcmp.o [5]
  .text              ro code  0x0000bcc0     0x7c  ABImemset.o [5]
  .text              ro code  0x0000bd3c    0x6d0  at24.o [1]
  .text              ro code  0x0000c40c    0x22c  usart.o [1]
  .text              ro code  0x0000c638    0xe24  m1172.o [1]
  .text              ro code  0x0000d45c     0x10  tools.o [1]
  .text              ro code  0x0000d46c    0xb48  control.o [1]
  .text              ro code  0x0000dfb4     0x10  tools.o [1]
  .text              ro code  0x0000dfc4     0x10  tools.o [1]
  .text              ro code  0x0000dfd4     0x28  usart.o [1]
  .text              ro code  0x0000dffc     0x38  usart.o [1]
  .text              ro code  0x0000e034     0x48  usart.o [1]
  .text              ro code  0x0000e07c     0x18  tools.o [1]
  .text              ro code  0x0000e094     0x18  usart.o [1]
  .text              ro code  0x0000e0ac     0x4c  vsprintf.o [3]
  .text              ro code  0x0000e0f8     0x94  memchr.o [5]
  .text              ro code  0x0000e18c   0x2ae4  lcd.o [1]
  .text              ro code  0x00010c70     0x5c  sprintf.o [3]
  .text              ro code  0x00010ccc     0x68  record.o [1]
  .text              ro code  0x00010d34     0x54  record.o [1]
  .text              ro code  0x00010d88     0xd4  ABImemcpy.o [5]
  .text              ro code  0x00010e5c      0x4  IntDivZer.o [5]
  .text              ro code  0x00010e60     0x20  at83.o [1]
  .text              ro code  0x00010e80     0x50  at83.o [1]
  .text              ro code  0x00010ed0      0xc  at83.o [1]
  .text              ro code  0x00010edc     0x14  at83.o [1]
  .text              ro code  0x00010ef0     0x10  at83.o [1]
  .text              ro code  0x00010f00     0x10  at83.o [1]
  .text              ro code  0x00010f10     0x40  at83.o [1]
  .text              ro code  0x00010f50     0x14  at83.o [1]
  .text              ro code  0x00010f64      0xc  at83.o [1]
  .text              ro code  0x00010f70     0x78  usart.o [1]
  .text              ro code  0x00010fe8      0xc  usart.o [1]
  .text              ro code  0x00010ff4      0xc  usart.o [1]
  .text              ro code  0x00011000      0x8  usart.o [1]
  .text              ro code  0x00011008   0x13bc  init.o [1]
  .text              ro code  0x000123c4   0x15f6  xprintffull.o [3]
  .text              ro code  0x000139ba     0x2e  copy_init3.o [5]
  .text              ro code  0x000139e8      0x8  init.o [1]
  .text              ro code  0x000139f0      0xc  init.o [1]
  .text              ro code  0x000139fc     0x24  init.o [1]
  .text              ro code  0x00013a20   0x2ca4  CardDrive.o [1]
  .text              ro code  0x000166c4   0x15ec  at83c26_app.o [1]
  .text              ro code  0x00017cb0     0x40  init.o [1]
  .text              ro code  0x00017cf0     0x5c  init.o [1]
  .text              ro code  0x00017d4c     0x90  init.o [1]
  .text              ro code  0x00017ddc     0x18  twi.o [1]
  .text              ro code  0x00017df4   0x1a10  at83.o [1]
  .text              ro code  0x00019804     0x58  init.o [1]
  .text              ro code  0x0001985c      0x8  init.o [1]
  .text              ro code  0x00019864     0x1c  init.o [1]
  .text              ro code  0x00019880     0x70  init.o [1]
  .text              ro code  0x000198f0     0x14  init.o [1]
  .text              ro code  0x00019904     0x28  init.o [1]
  .text              ro code  0x0001992c     0xc8  init.o [1]
  .text              ro code  0x000199f4    0x2b4  key.o [1]
  .text              ro code  0x00019ca8   0x3858  print.o [1]
  .text              ro code  0x0001d500     0x20  strchr.o [5]
  .text              ro code  0x0001d520    0x128  I64DivMod.o [5]
  .text              ro code  0x0001d648     0x7c  xdnorm.o [4]
  .text              ro code  0x0001d6c4     0x38  DblCmpLe.o [4]
  .text              ro code  0x0001d6fc     0x38  DblCmpGe.o [4]
  .text              ro code  0x0001d734    0x1c8  xdscale.o [4]
  .text              ro code  0x0001d8fc     0x60  DblToS32.o [4]
  .text              ro code  0x0001d95c     0x60  S32ToDbl.o [4]
  .text              ro code  0x0001d9bc    0x1f0  DblSub.o [4]
  .text              ro code  0x0001dbac    0x1f8  DblMul.o [4]
  .text              ro code  0x0001dda4    0x338  DblDiv.o [4]
  .text              ro code  0x0001e0dc     0x3c  DblToU32.o [4]
  .text              ro code  0x0001e118     0x10  U32ToDbl.o [4]
  .text              ro code  0x0001e128     0x38  div.o [3]
  .text              ro code  0x0001e160     0x18  at83.o [1]
  .text              ro code  0x0001e178    0xb0c  CRMemCopy.o [1]
  .text              ro code  0x0001ec84      0x4  I64DivZer.o [5]
  .text              ro code  0x0001ec88    0x140  DblAdd.o [4]
  .text              ro code  0x0001edc8     0x10  Keypad.o [1]
  .text              ro code  0x0001edd8     0x30  ICCardProc.o [1]
  .text              ro code  0x0001ee08    0x1c8  WriteLog.o [1]
  .text              ro code  0x0001efd0    0x528  SocialCard.o [1]
  .text              ro code  0x0001f4f8   0x25cc  ICCardCommand.o [1]
  .text              ro code  0x00021ac4    0xf18  CRCommand.o [1]
  .text              ro code  0x000229dc      0x8  usart.o [1]
  .text              ro code  0x000229e4      0x8  usart.o [1]
  .text              ro code  0x000229ec    0x100  Message.o [1]
  .text              ro code  0x00022aec   0x21c4  Display.o [1]
  .text              ro code  0x00024cb0    0x7f4  KeypadMain.o [1]
  .text              ro code  0x000254a4   0x3200  Keypad2.o [1]
  .text              ro code  0x000286a4     0x20  Keypad2.o [1]
  .text              ro code  0x000286c4     0x10  Keypad2.o [1]
  .text              ro code  0x000286d4     0x10  Keypad2.o [1]
  .text              ro code  0x000286e4    0x21c  xstoul.o [3]
  .text              ro code  0x00028900      0xc  errno.o [3]
  .text              ro code  0x0002890c      0x4  xtls.o [3]
  .text              ro code  0x00028910   0x67e0  Keypad.o [1]
  .text              ro code  0x0002f0f0     0x30  Keypad.o [1]
  .text              ro code  0x0002f120     0x30  Keypad.o [1]
  .text              ro code  0x0002f150   0x49a8  DbugUsartApp.o [1]
  .text              ro code  0x00033af8    0x65c  CRPrint.o [1]
  .text              ro code  0x00034154   0x361c  Pump.o [1]
  .text              ro code  0x00037770    0xb80  Pcomm.o [1]
  .text              ro code  0x000382f0    0x39c  DispPumpMsg.o [1]
  .text              ro code  0x0003868c    0x14c  Verify.o [1]
  .text              ro code  0x000387d8     0x10  Pump.o [1]
  .text              ro code  0x000387e8   0x2680  ICCardInProc.o [1]
  .text              ro code  0x0003ae68    0xf40  ICCardInProc2.o [1]
  .text              ro code  0x0003bda8   0x17e4  CRSFunc.o [1]
  .text              ro code  0x0003d58c     0x10  ICCardInProc2.o [1]
  .text              ro code  0x0003d59c     0x10  ICCardInProc2.o [1]
  .text              ro code  0x0003d5ac     0x10  ICCardInProc2.o [1]
  .text              ro code  0x0003d5bc     0x10  ICCardInProc2.o [1]
  .rodata            const    0x0003d5cc   0x2490  Message.o [1]
  .text              ro code  0x0003fa5c   0x23f4  Arm70_POS_funtion.o [1]
  .text              ro code  0x00041e50   0x2078  CRPumpCall.o [1]
  .text              ro code  0x00043ec8   0x1854  PSAMCommand.o [1]
  .text              ro code  0x0004571c   0x1b14  Journal.o [1]
  .text              ro code  0x00047230   0x14a8  CRPumpBusy.o [1]
  .rodata            const    0x000486d8    0xf18  Screen.o [1]
  .text              ro code  0x000495f0    0xa88  PosVar.o [1]
  .text              ro code  0x0004a078    0xa34  ExCRProc.o [1]
  .text              ro code  0x0004aaac    0x8d0  GreyCard.o [1]
  .text              ro code  0x0004b37c    0x800  CRPumpEOT.o [1]
  .text              ro code  0x0004bb7c    0x808  CRPowerOn.o [1]
  .text              ro code  0x0004c384    0x7cc  f_irq.o [1]
  .text              ro code  0x0004cb50    0x5f4  CRMemFunc.o [1]
  .text              ro code  0x0004d144    0x5d4  CardReader.o [1]
  .text              ro code  0x0004d718    0x2e0  PSAMProc.o [1]
  .text              ro code  0x0004d9f8    0x560  ICCardProc.o [1]
  .text              ro code  0x0004df58     0xa4  CardReady.o [1]
  .text              ro code  0x0004dffc    0x5a8  Voice.o [1]
  .text              ro code  0x0004e5a4    0x300  POS.o [1]
  .text              ro code  0x0004e8a4    0x274  PowerDown.o [1]
  .rodata            const    0x0004eb18    0x250  lcd.o [1]
  text               ro code  0x0004ed68    0x160  Cstartup.o [1]
  .text              ro code  0x0004eec8    0x154  Schedule.o [1]
  .text              ro code  0x0004f01c     0x10  Schedule.o [1]
  .text              ro code  0x0004f02c    0x14c  Pinit.o [1]
  .text              ro code  0x0004f178    0x148  Cstartup_SAM7.o [1]
  .rodata            const    0x0004f2c0    0x118  Keypad.o [1]
  .rodata            const    0x0004f3d8    0x104  var.o [1]
  .rodata            const    0x0004f4dc     0xd4  AscLog.o [1]
  .rodata            const    0x0004f5b0     0xc8  at45.o [1]
  .rodata            const    0x0004f678     0xb0  at24.o [1]
  .text              ro code  0x0004f728     0xb0  main.o [1]
  .rodata            const    0x0004f7d8     0x64  print.o [1]
  .rodata            const    0x0004f83c     0x5c  print.o [1]
  .text              ro code  0x0004f898     0x54  data_init3.o [5]
  .rodata            const    0x0004f8ec     0x38  print.o [1]
  .rodata            const    0x0004f924     0x30  print.o [1]
  .rodata            const    0x0004f954     0x28  print.o [1]
  .text              ro code  0x0004f97c     0x28  zero_init3.o [5]
  .rodata            const    0x0004f9a4     0x24  DbugUsartApp.o [1]
  .text              ro code  0x0004f9c8     0x24  cmain.o [5]
  .text              ro code  0x0004f9ec      0x8  low_level_init.o [3]
  .text              ro code  0x0004f9f4      0xc  exit.o [3]
  .text              ro code  0x0004fa00     0x20  exit.o [6]
  .text              ro code  0x0004fa20     0x10  cexit.o [5]
  .iar.init_table    const    0x0004fa30     0x24  - Linker created -
  .rodata            const    0x0004fa54     0x20  DbugUsartApp.o [1]
  .rodata            const    0x0004fa74     0x20  DbugUsartApp.o [1]
  .rodata            const    0x0004fa94     0x20  Keypad.o [1]
  .rodata            const    0x0004fab4     0x20  Keypad.o [1]
  .rodata            const    0x0004fad4     0x20  list.o [1]
  .rodata            const    0x0004faf4     0x1c  CRPumpBusy.o [1]
  .rodata            const    0x0004fb10     0x1c  CRPumpEOT.o [1]
  .rodata            const    0x0004fb2c     0x1c  CRPumpEOT.o [1]
  .rodata            const    0x0004fb48     0x1c  DbugUsartApp.o [1]
  .rodata            const    0x0004fb64     0x1c  DbugUsartApp.o [1]
  .rodata            const    0x0004fb80     0x1c  KeyMask.o [1]
  .rodata            const    0x0004fb9c     0x1c  KeyMask.o [1]
  .rodata            const    0x0004fbb8     0x1c  Keypad.o [1]
  .rodata            const    0x0004fbd4     0x1c  Keypad.o [1]
  .rodata            const    0x0004fbf0     0x1c  Keypad.o [1]
  .rodata            const    0x0004fc0c     0x1c  Keypad.o [1]
  .rodata            const    0x0004fc28     0x1c  key.o [1]
  .rodata            const    0x0004fc44     0x1c  list.o [1]
  .rodata            const    0x0004fc60     0x1c  list.o [1]
  .rodata            const    0x0004fc7c     0x1c  list.o [1]
  .rodata            const    0x0004fc98     0x1c  list.o [1]
  .rodata            const    0x0004fcb4     0x1c  print.o [1]
  .rodata            const    0x0004fcd0     0x1c  print.o [1]
  .rodata            const    0x0004fcec     0x1c  var.o [1]
  .rodata            const    0x0004fd08     0x18  CRPumpEOT.o [1]
  .rodata            const    0x0004fd20     0x18  DbugUsartApp.o [1]
  .rodata            const    0x0004fd38     0x18  DbugUsartApp.o [1]
  .rodata            const    0x0004fd50     0x18  DbugUsartApp.o [1]
  .rodata            const    0x0004fd68     0x18  DbugUsartApp.o [1]
  .rodata            const    0x0004fd80     0x18  DbugUsartApp.o [1]
  .rodata            const    0x0004fd98     0x18  DbugUsartApp.o [1]
  .rodata            const    0x0004fdb0     0x18  DbugUsartApp.o [1]
  .rodata            const    0x0004fdc8     0x18  DbugUsartApp.o [1]
  .rodata            const    0x0004fde0     0x18  Keypad.o [1]
  .rodata            const    0x0004fdf8     0x18  Keypad.o [1]
  .rodata            const    0x0004fe10     0x18  Keypad.o [1]
  .rodata            const    0x0004fe28     0x18  Keypad.o [1]
  .rodata            const    0x0004fe40     0x18  Keypad.o [1]
  .rodata            const    0x0004fe58     0x18  Keypad.o [1]
  .rodata            const    0x0004fe70     0x18  Keypad.o [1]
  .rodata            const    0x0004fe88     0x18  SocialCard.o [1]
  .rodata            const    0x0004fea0     0x14  CRSFunc.o [1]
  .rodata            const    0x0004feb4     0x14  CRSFunc.o [1]
  .rodata            const    0x0004fec8     0x14  CRSFunc.o [1]
  .rodata            const    0x0004fedc     0x14  DbugUsartApp.o [1]
  .rodata            const    0x0004fef0     0x14  DbugUsartApp.o [1]
  .rodata            const    0x0004ff04     0x14  DbugUsartApp.o [1]
  .rodata            const    0x0004ff18     0x14  DbugUsartApp.o [1]
  .rodata            const    0x0004ff2c     0x14  DbugUsartApp.o [1]
  .rodata            const    0x0004ff40     0x14  DbugUsartApp.o [1]
  .rodata            const    0x0004ff54     0x14  Display.o [1]
  .rodata            const    0x0004ff68     0x14  Display.o [1]
  .rodata            const    0x0004ff7c     0x14  Display.o [1]
  .rodata            const    0x0004ff90     0x14  Display.o [1]
  .rodata            const    0x0004ffa4     0x14  Display.o [1]
  .rodata            const    0x0004ffb8     0x14  Journal.o [1]
  .rodata            const    0x0004ffcc     0x14  Keypad.o [1]
  .rodata            const    0x0004ffe0     0x14  Keypad.o [1]
  .rodata            const    0x0004fff4     0x14  Keypad.o [1]
  .rodata            const    0x00050008     0x14  Keypad.o [1]
  .rodata            const    0x0005001c     0x14  PowerDown.o [1]
  .rodata            const    0x00050030     0x14  PowerDown.o [1]
  .rodata            const    0x00050044     0x14  PowerDown.o [1]
  .rodata            const    0x00050058     0x14  print.o [1]
  .rodata            const    0x0005006c     0x14  print.o [1]
  .text              ro code  0x00050080     0x14  xsprout.o [3]
  .rodata            const    0x00050094     0x10  AscLog.o [1]
  .rodata            const    0x000500a4     0x10  AscLog.o [1]
  .rodata            const    0x000500b4     0x10  CRMemCopy.o [1]
  .rodata            const    0x000500c4     0x10  CRPumpBusy.o [1]
  .rodata            const    0x000500d4     0x10  CRPumpBusy.o [1]
  .rodata            const    0x000500e4     0x10  CRPumpBusy.o [1]
  .rodata            const    0x000500f4     0x10  CRPumpBusy.o [1]
  .rodata            const    0x00050104     0x10  CardDrive.o [1]
  .rodata            const    0x00050114     0x10  DbugUsart.o [1]
  .rodata            const    0x00050124     0x10  DbugUsartApp.o [1]
  .rodata            const    0x00050134     0x10  DbugUsartApp.o [1]
  .rodata            const    0x00050144     0x10  DbugUsartApp.o [1]
  .rodata            const    0x00050154     0x10  DbugUsartApp.o [1]
  .rodata            const    0x00050164     0x10  DbugUsartApp.o [1]
  .rodata            const    0x00050174     0x10  Journal.o [1]
  .rodata            const    0x00050184     0x10  Journal.o [1]
  .rodata            const    0x00050194     0x10  Keypad.o [1]
  .rodata            const    0x000501a4     0x10  Keypad.o [1]
  .rodata            const    0x000501b4     0x10  Keypad.o [1]
  .rodata            const    0x000501c4     0x10  PSAMCommand.o [1]
  .rodata            const    0x000501d4     0x10  PSAMCommand.o [1]
  .rodata            const    0x000501e4     0x10  PSAMCommand.o [1]
  .rodata            const    0x000501f4     0x10  PowerDown.o [1]
  .rodata            const    0x00050204     0x10  init.o [1]
  .rodata            const    0x00050214     0x10  init.o [1]
  .rodata            const    0x00050224     0x10  lcd.o [1]
  .rodata            const    0x00050234     0x10  lcd.o [1]
  .rodata            const    0x00050244     0x10  lcd.o [1]
  .rodata            const    0x00050254     0x10  print.o [1]
  .rodata            const    0x00050264     0x10  print.o [1]
  .rodata            const    0x00050274     0x10  print.o [1]
  .rodata            const    0x00050284     0x10  print.o [1]
  .rodata            const    0x00050294      0xc  CRMemCopy.o [1]
  .rodata            const    0x000502a0      0xc  CRMemCopy.o [1]
  .rodata            const    0x000502ac      0xc  CRMemCopy.o [1]
  .rodata            const    0x000502b8      0xc  CRMemCopy.o [1]
  .rodata            const    0x000502c4      0xc  CRMemCopy.o [1]
  .rodata            const    0x000502d0      0xc  CRPumpBusy.o [1]
  .rodata            const    0x000502dc      0xc  CRPumpBusy.o [1]
  .rodata            const    0x000502e8      0xc  CRPumpBusy.o [1]
  .rodata            const    0x000502f4      0xc  CRPumpCall.o [1]
  .rodata            const    0x00050300      0xc  CRPumpCall.o [1]
  .rodata            const    0x0005030c      0xc  CRSFunc.o [1]
  .rodata            const    0x00050318      0xc  DbugUsart.o [1]
  .rodata            const    0x00050324      0xc  DbugUsartApp.o [1]
  .rodata            const    0x00050330      0xc  DbugUsartApp.o [1]
  .rodata            const    0x0005033c      0xc  DbugUsartApp.o [1]
  .rodata            const    0x00050348      0xc  DbugUsartApp.o [1]
  .rodata            const    0x00050354      0xc  DbugUsartApp.o [1]
  .rodata            const    0x00050360      0xc  DbugUsartApp.o [1]
  .rodata            const    0x0005036c      0xc  DbugUsartApp.o [1]
  .rodata            const    0x00050378      0xc  DbugUsartApp.o [1]
  .rodata            const    0x00050384      0xc  DbugUsartApp.o [1]
  .rodata            const    0x00050390      0xc  DbugUsartApp.o [1]
  .rodata            const    0x0005039c      0xc  DbugUsartApp.o [1]
  .rodata            const    0x000503a8      0xc  DbugUsartApp.o [1]
  .rodata            const    0x000503b4      0xc  Display.o [1]
  .rodata            const    0x000503c0      0xc  Display.o [1]
  .rodata            const    0x000503cc      0xc  Display.o [1]
  .rodata            const    0x000503d8      0xc  Display.o [1]
  .rodata            const    0x000503e4      0xc  Display.o [1]
  .rodata            const    0x000503f0      0xc  Display.o [1]
  .rodata            const    0x000503fc      0xc  Display.o [1]
  .rodata            const    0x00050408      0xc  Display.o [1]
  .rodata            const    0x00050414      0xc  Display.o [1]
  .rodata            const    0x00050420      0xc  Display.o [1]
  .rodata            const    0x0005042c      0xc  Display.o [1]
  .rodata            const    0x00050438      0xc  Display.o [1]
  .rodata            const    0x00050444      0xc  Display.o [1]
  .rodata            const    0x00050450      0xc  Display.o [1]
  .rodata            const    0x0005045c      0xc  ICCardCommand.o [1]
  .rodata            const    0x00050468      0xc  ICCardCommand.o [1]
  .rodata            const    0x00050474      0xc  ICCardInProc.o [1]
  .rodata            const    0x00050480      0xc  ICCardInProc.o [1]
  .rodata            const    0x0005048c      0xc  Journal.o [1]
  .rodata            const    0x00050498      0xc  Keypad.o [1]
  .rodata            const    0x000504a4      0xc  Keypad.o [1]
  .rodata            const    0x000504b0      0xc  Keypad.o [1]
  .rodata            const    0x000504bc      0xc  Keypad.o [1]
  .rodata            const    0x000504c8      0xc  PosVar.o [1]
  .rodata            const    0x000504d4      0xc  SocialCard.o [1]
  .rodata            const    0x000504e0      0xc  at24.o [1]
  .rodata            const    0x000504ec      0xc  at24.o [1]
  .rodata            const    0x000504f8      0xc  at24.o [1]
  .rodata            const    0x00050504      0xc  at24.o [1]
  .rodata            const    0x00050510      0xc  at45.o [1]
  .rodata            const    0x0005051c      0xc  at45.o [1]
  .rodata            const    0x00050528      0xc  at45.o [1]
  .rodata            const    0x00050534      0xc  at45.o [1]
  .rodata            const    0x00050540      0xc  at45.o [1]
  .rodata            const    0x0005054c      0xc  at45.o [1]
  .rodata            const    0x00050558      0xc  at45.o [1]
  .rodata            const    0x00050564      0xc  at45.o [1]
  .rodata            const    0x00050570      0xc  at45.o [1]
  .rodata            const    0x0005057c      0xc  at45.o [1]
  .rodata            const    0x00050588      0xc  lcd.o [1]
  .rodata            const    0x00050594      0xc  lcd.o [1]
  .rodata            const    0x000505a0      0xc  lcd.o [1]
  .rodata            const    0x000505ac      0xc  print.o [1]
  .rodata            const    0x000505b8      0xc  print.o [1]
  .rodata            const    0x000505c4      0xc  print.o [1]
  .rodata            const    0x000505d0      0xc  print.o [1]
  .rodata            const    0x000505dc      0xc  print.o [1]
  .rodata            const    0x000505e8      0xc  print.o [1]
  .rodata            const    0x000505f4      0xc  print.o [1]
  .rodata            const    0x00050600      0xc  print.o [1]
  .rodata            const    0x0005060c      0xc  print.o [1]
  .rodata            const    0x00050618      0xc  print.o [1]
  .rodata            const    0x00050624      0xc  print.o [1]
  .rodata            const    0x00050630      0xc  print.o [1]
  .rodata            const    0x0005063c      0xc  print.o [1]
  .rodata            const    0x00050648      0xc  print.o [1]
  .rodata            const    0x00050654      0xc  print.o [1]
  .rodata            const    0x00050660      0xc  print.o [1]
  .rodata            const    0x0005066c      0xc  print.o [1]
  .rodata            const    0x00050678      0xc  print.o [1]
  .rodata            const    0x00050684      0xc  print.o [1]
  .rodata            const    0x00050690      0xc  print.o [1]
  .rodata            const    0x0005069c      0xc  print.o [1]
  .rodata            const    0x000506a8      0xc  print.o [1]
  .rodata            const    0x000506b4      0xc  print.o [1]
  .rodata            const    0x000506c0      0xc  print.o [1]
  .rodata            const    0x000506cc      0xc  print.o [1]
  .rodata            const    0x000506d8      0xc  print.o [1]
  .rodata            const    0x000506e4      0xc  print.o [1]
  .rodata            const    0x000506f0      0xc  print.o [1]
  .rodata            const    0x000506fc      0xc  print.o [1]
  .rodata            const    0x00050708      0xc  print.o [1]
  .rodata            const    0x00050714      0xc  print.o [1]
  .rodata            const    0x00050720      0xc  var.o [1]
  .rodata            const    0x0005072c      0xc  var.o [1]
  .rodata            const    0x00050738      0xc  var.o [1]
  .rodata            const    0x00050744      0xc  var.o [1]
  .rodata            const    0x00050750      0xc  var.o [1]
  .rodata            const    0x0005075c      0xc  var.o [1]
  .rodata            const    0x00050768      0xc  var.o [1]
  .rodata            const    0x00050774      0xc  var.o [1]
  .rodata            const    0x00050780      0xc  var.o [1]
  .rodata            const    0x0005078c      0xc  var.o [1]
  .rodata            const    0x00050798      0xc  var.o [1]
  .rodata            const    0x000507a4      0xc  var.o [1]
  .rodata            const    0x000507b0      0xc  var.o [1]
  .rodata            const    0x000507bc      0xc  var.o [1]
  .rodata            const    0x000507c8      0xc  var.o [1]
  .rodata            const    0x000507d4      0xc  var.o [1]
  .rodata            const    0x000507e0      0xc  var.o [1]
  .rodata            const    0x000507ec      0xc  var.o [1]
  .rodata            const    0x000507f8      0xc  var.o [1]
  .rodata            const    0x00050804      0xc  var.o [1]
  .rodata            const    0x00050810      0xc  var.o [1]
  .rodata            const    0x0005081c      0xc  var.o [1]
  .rodata            const    0x00050828      0xc  var.o [1]
  .rodata            const    0x00050834      0x8  AscLog.o [1]
  .rodata            const    0x0005083c      0x8  AscLog.o [1]
  .rodata            const    0x00050844      0x8  CRMemCopy.o [1]
  .rodata            const    0x0005084c      0x8  CRMemCopy.o [1]
  .rodata            const    0x00050854      0x8  CRMemCopy.o [1]
  .rodata            const    0x0005085c      0x8  CRMemCopy.o [1]
  .rodata            const    0x00050864      0x8  CRMemFunc.o [1]
  .rodata            const    0x0005086c      0x8  CRPumpBusy.o [1]
  .rodata            const    0x00050874      0x8  CRPumpCall.o [1]
  .rodata            const    0x0005087c      0x8  CRPumpCall.o [1]
  .rodata            const    0x00050884      0x8  CRPumpCall.o [1]
  .rodata            const    0x0005088c      0x8  CRPumpCall.o [1]
  .rodata            const    0x00050894      0x8  CRPumpCall.o [1]
  .rodata            const    0x0005089c      0x8  CRPumpCall.o [1]
  .rodata            const    0x000508a4      0x8  CRPumpCall.o [1]
  .rodata            const    0x000508ac      0x8  CRSFunc.o [1]
  .rodata            const    0x000508b4      0x8  CRSFunc.o [1]
  .rodata            const    0x000508bc      0x8  DbugUsartApp.o [1]
  .rodata            const    0x000508c4      0x8  DbugUsartApp.o [1]
  .rodata            const    0x000508cc      0x8  DbugUsartApp.o [1]
  .rodata            const    0x000508d4      0x8  DbugUsartApp.o [1]
  .rodata            const    0x000508dc      0x8  DbugUsartApp.o [1]
  .rodata            const    0x000508e4      0x8  DbugUsartApp.o [1]
  .rodata            const    0x000508ec      0x8  DbugUsartApp.o [1]
  .rodata            const    0x000508f4      0x8  DbugUsartApp.o [1]
  .rodata            const    0x000508fc      0x8  DbugUsartApp.o [1]
  .rodata            const    0x00050904      0x8  DbugUsartApp.o [1]
  .rodata            const    0x0005090c      0x8  DbugUsartApp.o [1]
  .rodata            const    0x00050914      0x8  DbugUsartApp.o [1]
  .rodata            const    0x0005091c      0x8  DbugUsartApp.o [1]
  .rodata            const    0x00050924      0x8  DbugUsartApp.o [1]
  .rodata            const    0x0005092c      0x8  DbugUsartApp.o [1]
  .rodata            const    0x00050934      0x8  DbugUsartApp.o [1]
  .rodata            const    0x0005093c      0x8  DbugUsartApp.o [1]
  .rodata            const    0x00050944      0x8  DbugUsartApp.o [1]
  .rodata            const    0x0005094c      0x8  DbugUsartApp.o [1]
  .rodata            const    0x00050954      0x8  DbugUsartApp.o [1]
  .rodata            const    0x0005095c      0x8  DbugUsartApp.o [1]
  .rodata            const    0x00050964      0x8  DbugUsartApp.o [1]
  .rodata            const    0x0005096c      0x8  DbugUsartApp.o [1]
  .rodata            const    0x00050974      0x8  DbugUsartApp.o [1]
  .rodata            const    0x0005097c      0x8  DbugUsartApp.o [1]
  .rodata            const    0x00050984      0x8  DbugUsartApp.o [1]
  .rodata            const    0x0005098c      0x8  DbugUsartApp.o [1]
  .rodata            const    0x00050994      0x8  DbugUsartApp.o [1]
  .rodata            const    0x0005099c      0x8  DbugUsartApp.o [1]
  .rodata            const    0x000509a4      0x8  Display.o [1]
  .rodata            const    0x000509ac      0x8  Display.o [1]
  .rodata            const    0x000509b4      0x8  Display.o [1]
  .rodata            const    0x000509bc      0x8  Display.o [1]
  .rodata            const    0x000509c4      0x8  Display.o [1]
  .rodata            const    0x000509cc      0x8  Display.o [1]
  .rodata            const    0x000509d4      0x8  Display.o [1]
  .rodata            const    0x000509dc      0x8  Display.o [1]
  .rodata            const    0x000509e4      0x8  ICCardCommand.o [1]
  .rodata            const    0x000509ec      0x8  ICCardCommand.o [1]
  .rodata            const    0x000509f4      0x8  ICCardInProc.o [1]
  .rodata            const    0x000509fc      0x8  ICCardInProc.o [1]
  .rodata            const    0x00050a04      0x8  ICCardInProc.o [1]
  .rodata            const    0x00050a0c      0x8  ICCardInProc2.o [1]
  .rodata            const    0x00050a14      0x8  ICCardInProc2.o [1]
  .rodata            const    0x00050a1c      0x8  ICCardInProc2.o [1]
  .rodata            const    0x00050a24      0x8  ICCardInProc2.o [1]
  .rodata            const    0x00050a2c      0x8  ICCardInProc2.o [1]
  .rodata            const    0x00050a34      0x8  ICCardInProc2.o [1]
  .rodata            const    0x00050a3c      0x8  Journal.o [1]
  .rodata            const    0x00050a44      0x8  Journal.o [1]
  .rodata            const    0x00050a4c      0x8  Journal.o [1]
  .rodata            const    0x00050a54      0x8  Keypad.o [1]
  .rodata            const    0x00050a5c      0x8  Keypad.o [1]
  .rodata            const    0x00050a64      0x8  Keypad2.o [1]
  .rodata            const    0x00050a6c      0x8  Keypad2.o [1]
  .rodata            const    0x00050a74      0x8  Keypad2.o [1]
  .rodata            const    0x00050a7c      0x8  Keypad2.o [1]
  .rodata            const    0x00050a84      0x8  PSAMCommand.o [1]
  .rodata            const    0x00050a8c      0x8  WriteLog.o [1]
  .rodata            const    0x00050a94      0x8  at24.o [1]
  .rodata            const    0x00050a9c      0x8  at24.o [1]
  .rodata            const    0x00050aa4      0x8  at24.o [1]
  .rodata            const    0x00050aac      0x8  at24.o [1]
  .rodata            const    0x00050ab4      0x8  at24.o [1]
  .rodata            const    0x00050abc      0x8  at24.o [1]
  .rodata            const    0x00050ac4      0x8  at24.o [1]
  .rodata            const    0x00050acc      0x8  control.o [1]
  .rodata            const    0x00050ad4      0x8  control.o [1]
  .rodata            const    0x00050adc      0x8  key.o [1]
  .rodata            const    0x00050ae4      0x8  key.o [1]
  .rodata            const    0x00050aec      0x8  lcd.o [1]
  .rodata            const    0x00050af4      0x8  lcd.o [1]
  .rodata            const    0x00050afc      0x8  lcd.o [1]
  .rodata            const    0x00050b04      0x8  lcd.o [1]
  .rodata            const    0x00050b0c      0x8  lcd.o [1]
  .rodata            const    0x00050b14      0x8  lcd.o [1]
  .rodata            const    0x00050b1c      0x8  lcd.o [1]
  .rodata            const    0x00050b24      0x8  lcd.o [1]
  .rodata            const    0x00050b2c      0x8  lcd.o [1]
  .rodata            const    0x00050b34      0x8  lcd.o [1]
  .rodata            const    0x00050b3c      0x8  lcd.o [1]
  .rodata            const    0x00050b44      0x8  lcd.o [1]
  .rodata            const    0x00050b4c      0x8  print.o [1]
  .rodata            const    0x00050b54      0x8  print.o [1]
  .rodata            const    0x00050b5c      0x8  print.o [1]
  .rodata            const    0x00050b64      0x8  print.o [1]
  .rodata            const    0x00050b6c      0x8  print.o [1]
  .rodata            const    0x00050b74      0x8  print.o [1]
  .rodata            const    0x00050b7c      0x8  print.o [1]
  .rodata            const    0x00050b84      0x8  print.o [1]
  .rodata            const    0x00050b8c      0x8  print.o [1]
  .rodata            const    0x00050b94      0x8  print.o [1]
  .rodata            const    0x00050b9c      0x8  print.o [1]
  .rodata            const    0x00050ba4      0x8  print.o [1]
  .rodata            const    0x00050bac      0x8  print.o [1]
  .rodata            const    0x00050bb4      0x8  print.o [1]
  .rodata            const    0x00050bbc      0x8  print.o [1]
  .rodata            const    0x00050bc4      0x4  CRVaribles.o [1]
  .rodata            const    0x00050bc8      0x4  DbugUsartApp.o [1]
  .rodata            const    0x00050bcc      0x4  DbugUsartApp.o [1]
  .rodata            const    0x00050bd0      0x4  DbugUsartApp.o [1]
  .rodata            const    0x00050bd4      0x4  Pump.o [1]
  .rodata            const    0x00050bd8      0x4  Pump.o [1]
  .rodata            const    0x00050bdc      0x4  print.o [1]
  .rodata            const    0x00050be0      0x4  print.o [1]
  .rodata            const    0x00050be4      0x4  print.o [1]
  .rodata            const    0x00050be8      0x4  print.o [1]
  .rodata            const    0x00050bec      0x4  print.o [1]
  .rodata            const    0x00050bf0      0x4  print.o [1]
  .rodata            const    0x00050bf4      0x4  print.o [1]
  .rodata            const    0x00050bf8      0x4  print.o [1]
  .rodata            const    0x00050bfc      0x4  print.o [1]
  .text              ro code  0x00050c00      0x4  xreturnswi.o [6]
  .rodata            const    0x00050c04      0x2  CRVaribles.o [1]
  .rodata            const    0x00050c06      0x2  CRVaribles.o [1]
  .rodata            const    0x00050c08      0x2  CRVaribles.o [1]
  .rodata            const    0x00050c0a      0x2  CRVaribles.o [1]
  .rodata            const    0x00050c0c      0x2  CRVaribles.o [1]
  .rodata            const    0x00050c0e      0x2  CRVaribles.o [1]
  .rodata            const    0x00050c10      0x2  CRVaribles.o [1]
  .rodata            const    0x00050c12      0x2  CRVaribles.o [1]
  .rodata            const    0x00050c14      0x2  CRVaribles.o [1]
  .rodata            const    0x00050c16      0x2  CRVaribles.o [1]
  .rodata            const    0x00050c18      0x2  CRVaribles.o [1]
  .rodata            const    0x00050c1a      0x2  CRVaribles.o [1]
  .rodata            const    0x00050c1c      0x2  DbugUsartApp.o [1]
  .rodata            const    0x00050c1e      0x2  DbugUsartApp.o [1]
  .rodata            const    0x00050c20      0x2  Keypad.o [1]
  .rodata            const    0x00050c22      0x2  Keypad.o [1]
  .rodata            const    0x00050c24      0x2  Keypad.o [1]
  .rodata            const    0x00050c26      0x2  init.o [1]
  .rodata            const    0x00050c28      0x2  print.o [1]
  .rodata            const    0x00050c2a      0x0  bwt_init3c.o [5]
  Initializer bytes  ro data  0x00050c2c     0x10  <for P2 s0>
                            - 0x00050c3c  0x50b3c

"P2", part 1 of 3:                           0x10
  P2 s0                       0x00200000     0x10  <Init block>
    .data            inited   0x00200000      0x4  DbugUsartApp.o [1]
    .data            inited   0x00200004      0x2  CRVaribles.o [1]
    .data            inited   0x00200006      0x2  var.o [1]
    .data            inited   0x00200008      0x1  CRCommand.o [1]
    .data            inited   0x00200009      0x1  CRCommand.o [1]
    .data            inited   0x0020000a      0x1  CRVaribles.o [1]
    .data            inited   0x0020000b      0x1  CRVaribles.o [1]
    .data            inited   0x0020000c      0x1  DbugUsartApp.o [1]
    .data            inited   0x0020000d      0x1  Pvar.o [1]
                            - 0x00200010     0x10

"P2", part 2 of 3:                         0x4fa0
  .bss               zero     0x00200010   0x1058  var.o [1]
  .bss               zero     0x00201068    0x800  print.o [1]
  .bss               zero     0x00201868    0x600  tc.o [1]
  .bss               zero     0x00201e68    0x480  var.o [1]
  .bss               zero     0x002022e8    0x400  DbugUsartApp.o [1]
  .bss               zero     0x002026e8    0x360  var.o [1]
  .bss               zero     0x00202a48    0x254  CRVaribles.o [1]
  .bss               zero     0x00202c9c    0x208  var.o [1]
  .bss               zero     0x00202ea4    0x200  DbugUsart.o [1]
  .bss               zero     0x002030a4    0x1e4  define.o [1]
  .bss               zero     0x00203288    0x1e4  list.o [1]
  .bss               zero     0x0020346c    0x1c8  var.o [1]
  .bss               zero     0x00203634    0x12c  var.o [1]
  .bss               zero     0x00203760    0x128  Pdprotect.o [1]
  .bss               zero     0x00203888    0x108  var.o [1]
  .bss               zero     0x00203990    0x100  CRVaribles.o [1]
  .bss               zero     0x00203a90    0x100  CRVaribles.o [1]
  .bss               zero     0x00203b90    0x100  CardDrive.o [1]
  .bss               zero     0x00203c90    0x100  PosVar.o [1]
  .bss               zero     0x00203d90    0x100  PosVar.o [1]
  .bss               zero     0x00203e90    0x100  var.o [1]
  .bss               zero     0x00203f90     0xf0  define.o [1]
  .bss               zero     0x00204080     0xd0  Pvar.o [1]
  .bss               zero     0x00204150     0xd0  Pvar.o [1]
  .bss               zero     0x00204220     0xd0  Pvar.o [1]
  .bss               zero     0x002042f0     0xa0  var.o [1]
  .bss               zero     0x00204390     0x84  define.o [1]
  .bss               zero     0x00204414     0x80  CRVaribles.o [1]
  .bss               zero     0x00204494     0x80  define.o [1]
  .bss               zero     0x00204514     0x64  define.o [1]
  .bss               zero     0x00204578     0x60  CRVaribles.o [1]
  .bss               zero     0x002045d8     0x60  Keypad.o [1]
  .bss               zero     0x00204638     0x60  PosVar.o [1]
  .bss               zero     0x00204698     0x60  define.o [1]
  .bss               zero     0x002046f8     0x60  tc.o [1]
  .bss               zero     0x00204758     0x50  var.o [1]
  .bss               zero     0x002047a8     0x50  var.o [1]
  .bss               zero     0x002047f8     0x48  define.o [1]
  .bss               zero     0x00204840     0x44  var.o [1]
  .bss               zero     0x00204884     0x40  var.o [1]
  .bss               zero     0x002048c4     0x40  var.o [1]
  .bss               zero     0x00204904     0x40  var.o [1]
  .bss               zero     0x00204944     0x34  CRVaribles.o [1]
  .bss               zero     0x00204978     0x34  CRVaribles.o [1]
  .bss               zero     0x002049ac     0x30  var.o [1]
  .bss               zero     0x002049dc     0x30  var.o [1]
  .bss               zero     0x00204a0c     0x2c  define.o [1]
  .bss               zero     0x00204a38     0x2c  define.o [1]
  .bss               zero     0x00204a64     0x2c  var.o [1]
  .bss               zero     0x00204a90     0x28  var.o [1]
  .bss               zero     0x00204ab8     0x1c  list.o [1]
  .bss               zero     0x00204ad4     0x1c  list.o [1]
  .bss               zero     0x00204af0     0x1c  list.o [1]
  .bss               zero     0x00204b0c     0x1c  list.o [1]
  .bss               zero     0x00204b28     0x1c  var.o [1]
  .bss               zero     0x00204b44     0x18  Screen.o [1]
  .bss               zero     0x00204b5c     0x18  Screen.o [1]
  .bss               zero     0x00204b74     0x18  Screen.o [1]
  .bss               zero     0x00204b8c     0x18  Screen.o [1]
  .bss               zero     0x00204ba4     0x18  Screen.o [1]
  .bss               zero     0x00204bbc     0x18  Screen.o [1]
  .bss               zero     0x00204bd4     0x18  Screen.o [1]
  .bss               zero     0x00204bec     0x18  Screen.o [1]
  .bss               zero     0x00204c04     0x18  Screen.o [1]
  .bss               zero     0x00204c1c     0x18  Screen.o [1]
  .bss               zero     0x00204c34     0x18  Screen.o [1]
  .bss               zero     0x00204c4c     0x18  Screen.o [1]
  .bss               zero     0x00204c64     0x18  Screen.o [1]
  .bss               zero     0x00204c7c     0x18  Screen.o [1]
  .bss               zero     0x00204c94     0x18  Screen.o [1]
  .bss               zero     0x00204cac     0x18  Screen.o [1]
  .bss               zero     0x00204cc4     0x18  Screen.o [1]
  .bss               zero     0x00204cdc     0x18  Screen.o [1]
  .bss               zero     0x00204cf4     0x18  Screen.o [1]
  .bss               zero     0x00204d0c     0x18  Screen.o [1]
  .bss               zero     0x00204d24     0x18  Screen.o [1]
  .bss               zero     0x00204d3c     0x18  Screen.o [1]
  .bss               zero     0x00204d54     0x18  define.o [1]
  .bss               zero     0x00204d6c     0x14  CRVaribles.o [1]
  .bss               zero     0x00204d80     0x14  define.o [1]
  .bss               zero     0x00204d94     0x14  var.o [1]
  .bss               zero     0x00204da8     0x14  var.o [1]
  .bss               zero     0x00204dbc     0x14  var.o [1]
  .bss               zero     0x00204dd0     0x10  KeyMask.o [1]
  .bss               zero     0x00204de0     0x10  var.o [1]
  .bss               zero     0x00204df0      0xc  define.o [1]
  .bss               zero     0x00204dfc      0xc  var.o [1]
  .bss               zero     0x00204e08      0x8  CardDrive.o [1]
  .bss               zero     0x00204e10      0x8  PosVar.o [1]
  .bss               zero     0x00204e18      0x8  Pvar.o [1]
  .bss               zero     0x00204e20      0x8  define.o [1]
  .bss               zero     0x00204e28      0x8  var.o [1]
  .bss               zero     0x00204e30      0x8  var.o [1]
  .bss               zero     0x00204e38      0x8  var.o [1]
  .bss               zero     0x00204e40      0x8  var.o [1]
  .bss               zero     0x00204e48      0x8  var.o [1]
  .bss               zero     0x00204e50      0x8  var.o [1]
  .bss               zero     0x00204e58      0x4  CRCommand.o [1]
  .bss               zero     0x00204e5c      0x4  CRCommand.o [1]
  .bss               zero     0x00204e60      0x4  CRVaribles.o [1]
  .bss               zero     0x00204e64      0x4  CRVaribles.o [1]
  .bss               zero     0x00204e68      0x4  CRVaribles.o [1]
  .bss               zero     0x00204e6c      0x4  CRVaribles.o [1]
  .bss               zero     0x00204e70      0x4  CRVaribles.o [1]
  .bss               zero     0x00204e74      0x4  CRVaribles.o [1]
  .bss               zero     0x00204e78      0x4  CRVaribles.o [1]
  .bss               zero     0x00204e7c      0x4  CRVaribles.o [1]
  .bss               zero     0x00204e80      0x4  CRVaribles.o [1]
  .bss               zero     0x00204e84      0x4  DbugUsart.o [1]
  .bss               zero     0x00204e88      0x4  DbugUsartApp.o [1]
  .bss               zero     0x00204e8c      0x4  DbugUsartApp.o [1]
  .bss               zero     0x00204e90      0x4  DbugUsartApp.o [1]
  .bss               zero     0x00204e94      0x4  DbugUsartApp.o [1]
  .bss               zero     0x00204e98      0x4  DbugUsartApp.o [1]
  .bss               zero     0x00204e9c      0x4  DbugUsartApp.o [1]
  .bss               zero     0x00204ea0      0x4  DbugUsartApp.o [1]
  .bss               zero     0x00204ea4      0x4  DbugUsartApp.o [1]
  .bss               zero     0x00204ea8      0x4  DbugUsartApp.o [1]
  .bss               zero     0x00204eac      0x4  DispPumpMsg.o [1]
  .bss               zero     0x00204eb0      0x4  DispPumpMsg.o [1]
  .bss               zero     0x00204eb4      0x4  Display.o [1]
  .bss               zero     0x00204eb8      0x4  Display.o [1]
  .bss               zero     0x00204ebc      0x4  Message.o [1]
  .bss               zero     0x00204ec0      0x4  PosVar.o [1]
  .bss               zero     0x00204ec4      0x4  PosVar.o [1]
  .bss               zero     0x00204ec8      0x4  PosVar.o [1]
  .bss               zero     0x00204ecc      0x4  PowerDown.o [1]
  .bss               zero     0x00204ed0      0x4  Pump.o [1]
  .bss               zero     0x00204ed4      0x4  Pump.o [1]
  .bss               zero     0x00204ed8      0x4  Pvar.o [1]
  .bss               zero     0x00204edc      0x4  Pvar.o [1]
  .bss               zero     0x00204ee0      0x4  Pvar.o [1]
  .bss               zero     0x00204ee4      0x4  Pvar.o [1]
  .bss               zero     0x00204ee8      0x4  Pvar.o [1]
  .bss               zero     0x00204eec      0x4  Pvar.o [1]
  .bss               zero     0x00204ef0      0x4  Pvar.o [1]
  .bss               zero     0x00204ef4      0x4  Pvar.o [1]
  .bss               zero     0x00204ef8      0x4  Pvar.o [1]
  .bss               zero     0x00204efc      0x4  Screen.o [1]
  .bss               zero     0x00204f00      0x4  define.o [1]
  .bss               zero     0x00204f04      0x4  list.o [1]
  .bss               zero     0x00204f08      0x4  var.o [1]
  .bss               zero     0x00204f0c      0x4  var.o [1]
  .bss               zero     0x00204f10      0x4  var.o [1]
  .bss               zero     0x00204f14      0x4  var.o [1]
  .bss               zero     0x00204f18      0x4  var.o [1]
  .bss               zero     0x00204f1c      0x4  var.o [1]
  .bss               zero     0x00204f20      0x4  var.o [1]
  .bss               zero     0x00204f24      0x4  var.o [1]
  __DLIB_PERTHREAD   zero     0x00204f28      0x4  errno.o [3]
  .bss               zero     0x00204f2c      0x2  DbugUsartApp.o [1]
  .bss               zero     0x00204f2e      0x2  Message.o [1]
  .bss               zero     0x00204f30      0x2  Message.o [1]
  .bss               zero     0x00204f32      0x2  Pcomm.o [1]
  .bss               zero     0x00204f34      0x2  Pcomm.o [1]
  .bss               zero     0x00204f36      0x2  PosVar.o [1]
  .bss               zero     0x00204f38      0x2  PosVar.o [1]
  .bss               zero     0x00204f3a      0x2  PosVar.o [1]
  .bss               zero     0x00204f3c      0x2  PosVar.o [1]
  .bss               zero     0x00204f3e      0x2  Pump.o [1]
  .bss               zero     0x00204f40      0x2  Pvar.o [1]
  .bss               zero     0x00204f42      0x2  define.o [1]
  .bss               zero     0x00204f44      0x1  AscLog.o [1]
  .bss               zero     0x00204f45      0x1  CRCommand.o [1]
  .bss               zero     0x00204f46      0x1  CRPumpBusy.o [1]
  .bss               zero     0x00204f47      0x1  CRVaribles.o [1]
  .bss               zero     0x00204f48      0x1  CRVaribles.o [1]
  .bss               zero     0x00204f49      0x1  CRVaribles.o [1]
  .bss               zero     0x00204f4a      0x1  CRVaribles.o [1]
  .bss               zero     0x00204f4b      0x1  CRVaribles.o [1]
  .bss               zero     0x00204f4c      0x1  CRVaribles.o [1]
  .bss               zero     0x00204f4d      0x1  CRVaribles.o [1]
  .bss               zero     0x00204f4e      0x1  CRVaribles.o [1]
  .bss               zero     0x00204f4f      0x1  CRVaribles.o [1]
  .bss               zero     0x00204f50      0x1  CRVaribles.o [1]
  .bss               zero     0x00204f51      0x1  CRVaribles.o [1]
  .bss               zero     0x00204f52      0x1  CRVaribles.o [1]
  .bss               zero     0x00204f53      0x1  CRVaribles.o [1]
  .bss               zero     0x00204f54      0x1  CRVaribles.o [1]
  .bss               zero     0x00204f55      0x1  CRVaribles.o [1]
  .bss               zero     0x00204f56      0x1  CRVaribles.o [1]
  .bss               zero     0x00204f57      0x1  CRVaribles.o [1]
  .bss               zero     0x00204f58      0x1  CRVaribles.o [1]
  .bss               zero     0x00204f59      0x1  CRVaribles.o [1]
  .bss               zero     0x00204f5a      0x1  CRVaribles.o [1]
  .bss               zero     0x00204f5b      0x1  CRVaribles.o [1]
  .bss               zero     0x00204f5c      0x1  CRVaribles.o [1]
  .bss               zero     0x00204f5d      0x1  CRVaribles.o [1]
  .bss               zero     0x00204f5e      0x1  CRVaribles.o [1]
  .bss               zero     0x00204f5f      0x1  CRVaribles.o [1]
  .bss               zero     0x00204f60      0x1  CardDrive.o [1]
  .bss               zero     0x00204f61      0x1  CardDrive.o [1]
  .bss               zero     0x00204f62      0x1  CardDrive.o [1]
  .bss               zero     0x00204f63      0x1  CardDrive.o [1]
  .bss               zero     0x00204f64      0x1  DbugUsartApp.o [1]
  .bss               zero     0x00204f65      0x1  DbugUsartApp.o [1]
  .bss               zero     0x00204f66      0x1  DbugUsartApp.o [1]
  .bss               zero     0x00204f67      0x1  DbugUsartApp.o [1]
  .bss               zero     0x00204f68      0x1  DbugUsartApp.o [1]
  .bss               zero     0x00204f69      0x1  DbugUsartApp.o [1]
  .bss               zero     0x00204f6a      0x1  Display.o [1]
  .bss               zero     0x00204f6b      0x1  ICCardCommand.o [1]
  .bss               zero     0x00204f6c      0x1  ICCardInProc.o [1]
  .bss               zero     0x00204f6d      0x1  ICCardInProc.o [1]
  .bss               zero     0x00204f6e      0x1  KeyMask.o [1]
  .bss               zero     0x00204f6f      0x1  KeyMask.o [1]
  .bss               zero     0x00204f70      0x1  KeyMask.o [1]
  .bss               zero     0x00204f71      0x1  KeyMask.o [1]
  .bss               zero     0x00204f72      0x1  KeyMask.o [1]
  .bss               zero     0x00204f73      0x1  Keypad.o [1]
  .bss               zero     0x00204f74      0x1  Pcomm.o [1]
  .bss               zero     0x00204f75      0x1  Pcomm.o [1]
  .bss               zero     0x00204f76      0x1  PosVar.o [1]
  .bss               zero     0x00204f77      0x1  PosVar.o [1]
  .bss               zero     0x00204f78      0x1  PosVar.o [1]
  .bss               zero     0x00204f79      0x1  PosVar.o [1]
  .bss               zero     0x00204f7a      0x1  PosVar.o [1]
  .bss               zero     0x00204f7b      0x1  PosVar.o [1]
  .bss               zero     0x00204f7c      0x1  PosVar.o [1]
  .bss               zero     0x00204f7d      0x1  PowerDown.o [1]
  .bss               zero     0x00204f7e      0x1  PowerDown.o [1]
  .bss               zero     0x00204f7f      0x1  Pump.o [1]
  .bss               zero     0x00204f80      0x1  Pump.o [1]
  .bss               zero     0x00204f81      0x1  Pvar.o [1]
  .bss               zero     0x00204f82      0x1  Pvar.o [1]
  .bss               zero     0x00204f83      0x1  Pvar.o [1]
  .bss               zero     0x00204f84      0x1  Pvar.o [1]
  .bss               zero     0x00204f85      0x1  Pvar.o [1]
  .bss               zero     0x00204f86      0x1  Pvar.o [1]
  .bss               zero     0x00204f87      0x1  Pvar.o [1]
  .bss               zero     0x00204f88      0x1  Pvar.o [1]
  .bss               zero     0x00204f89      0x1  Pvar.o [1]
  .bss               zero     0x00204f8a      0x1  Pvar.o [1]
  .bss               zero     0x00204f8b      0x1  Pvar.o [1]
  .bss               zero     0x00204f8c      0x1  Pvar.o [1]
  .bss               zero     0x00204f8d      0x1  Pvar.o [1]
  .bss               zero     0x00204f8e      0x1  Pvar.o [1]
  .bss               zero     0x00204f8f      0x1  Pvar.o [1]
  .bss               zero     0x00204f90      0x1  Pvar.o [1]
  .bss               zero     0x00204f91      0x1  Screen.o [1]
  .bss               zero     0x00204f92      0x1  Screen.o [1]
  .bss               zero     0x00204f93      0x1  Screen.o [1]
  .bss               zero     0x00204f94      0x1  Screen.o [1]
  .bss               zero     0x00204f95      0x1  Screen.o [1]
  .bss               zero     0x00204f96      0x1  SocialCard.o [1]
  .bss               zero     0x00204f97      0x1  SocialCard.o [1]
  .bss               zero     0x00204f98      0x1  control.o [1]
  .bss               zero     0x00204f99      0x1  define.o [1]
  .bss               zero     0x00204f9a      0x1  list.o [1]
  .bss               zero     0x00204f9b      0x1  list.o [1]
  .bss               zero     0x00204f9c      0x1  tools.o [1]
  .bss               zero     0x00204f9d      0x1  var.o [1]
  .bss               zero     0x00204f9e      0x1  var.o [1]
  .bss               zero     0x00204f9f      0x1  var.o [1]
  .bss               zero     0x00204fa0      0x1  var.o [1]
  .bss               zero     0x00204fa1      0x1  var.o [1]
  .bss               zero     0x00204fa2      0x1  var.o [1]
  .bss               zero     0x00204fa3      0x1  var.o [1]
  .bss               zero     0x00204fa4      0x1  var.o [1]
  .bss               zero     0x00204fa5      0x1  var.o [1]
  .bss               zero     0x00204fa6      0x1  var.o [1]
  .bss               zero     0x00204fa7      0x1  var.o [1]
  .bss               zero     0x00204fa8      0x1  var.o [1]
  .bss               zero     0x00204fa9      0x1  var.o [1]
  .bss               zero     0x00204faa      0x1  var.o [1]
  .bss               zero     0x00204fab      0x1  var.o [1]
  .bss               zero     0x00204fac      0x1  var.o [1]
                            - 0x00204fad   0x4f9d

"P2", part 3 of 3:                         0x18c8
  CSTACK                      0x00204fb0   0x1000  <Block>
    CSTACK           uninit   0x00204fb0   0x1000  <Block tail>
  SVC_STACK                   0x00205fb0    0x400  <Block>
    SVC_STACK        uninit   0x00205fb0    0x400  <Block tail>
  IRQ_STACK                   0x002063b0    0x400  <Block>
    IRQ_STACK        uninit   0x002063b0    0x400  <Block tail>
  FIQ_STACK                   0x002067b0     0x40  <Block>
    FIQ_STACK        uninit   0x002067b0     0x40  <Block tail>
  UND_STACK                   0x002067f0     0x40  <Block>
    UND_STACK        uninit   0x002067f0     0x40  <Block tail>
  ABT_STACK                   0x00206830     0x40  <Block>
    ABT_STACK        uninit   0x00206830     0x40  <Block tail>
  .noinit            uninit   0x00206870      0x4  var.o [1]
  .noinit            uninit   0x00206874      0x4  var.o [1]
                            - 0x00206878   0x18c8


*******************************************************************************
*** INIT TABLE
***

          Address     Size
          -------     ----
Zero (__iar_zero_init3)
    1 destination range, total size 0x4f9d:
          0x00200010  0x4f9d

Copy (__iar_copy_init3)
    1 source range, total size 0x10 (114% of destination):
          0x00050c2c    0x10
    1 destination range, total size 0xe:
          0x00200000     0xe


*******************************************************************************
*** MODULE SUMMARY
***

    Module               ro code  ro data  rw data
    ------               -------  -------  -------
D:\Gpay01\Gpay010511\Debug\Obj: [1]
    Arm70_POS_funtion.o    9 204
    AscLog.o               6 888      260        1
    CRCommand.o            3 864        2       11
    CRMemCopy.o            2 828      108
    CRMemFunc.o            1 524        8
    CRPowerOn.o            2 056
    CRPrint.o              1 628
    CRPumpBusy.o           5 288      136        1
    CRPumpCall.o           8 312       80
    CRPumpEOT.o            2 048       80
    CRSFunc.o              6 116       88
    CRVaribles.o                       32    1 521
    CardDrive.o           11 428       16      268
    CardReader.o           1 492
    CardReady.o              164
    Cstartup.o               416
    Cstartup_SAM7.o          328
    DbugUsart.o              212       28      516
    DbugUsartApp.o        18 856      945    1 073
    DispPumpMsg.o            924                 8
    Display.o              8 644      332        9
    ExCRProc.o             2 612
    GreyCard.o             2 256
    ICCardCommand.o        9 676       40        1
    ICCardInProc.o         9 856       48        2
    ICCardInProc2.o        3 968       48
    ICCardProc.o           1 424
    Journal.o              6 932       88
    KeyMask.o                          56       21
    Keypad.o              26 704      822       97
    Keypad2.o             12 864       32
    KeypadMain.o           2 036
    Message.o                256    9 360        8
    POS.o                    768
    PSAMCommand.o          6 228       56
    PSAMProc.o               736
    Pcomm.o                2 944                 6
    Pdprotect.o                                296
    Pinit.o                  332
    PosVar.o               2 696       12      643
    PowerDown.o              628       76        6
    Pump.o                13 868        8       12
    Pvar.o                              1      687
    Schedule.o               356
    Screen.o                        3 864      537
    SocialCard.o           1 320       36        2
    Verify.o                 332
    Voice.o                1 448
    WriteLog.o               456        8
    at24.o                 1 744      280
    at45.o                 2 076      320
    at83.o                 6 968
    at83c26_app.o          5 612
    control.o              2 888       16        1
    define.o                                 1 411
    f_irq.o                1 996
    init.o                 5 904       34
    key.o                    692       44
    lcd.o                 10 980      772
    list.o                29 244      144      602
    m1172.o                3 620
    main.o                   176
    memoryCheck.o            124
    print.o               14 424    1 026    2 048
    record.o               3 472
    spi.o                    552
    tc.o                   1 436             1 632
    tools.o                3 652                 1
    twi.o                     24
    usart.o                  916
    var.o                             566    8 978
    ----------------------------------------------
    Total:               299 416   19 872   20 399

command line: [2]
    ----------------------------------------------
    Total:

dl4t_aln.a: [3]
    div.o                     56
    errno.o                   12                 4
    exit.o                    12
    low_level_init.o           8
    sprintf.o                 92
    vsprintf.o                76
    xprintffull.o          5 622
    xsprout.o                 20
    xstoul.o                 540
    xtls.o                     4
    ----------------------------------------------
    Total:                 6 442                 4

m4t_al.a: [4]
    DblAdd.o                 320
    DblCmpGe.o                56
    DblCmpLe.o                56
    DblDiv.o                 824
    DblMul.o                 504
    DblSub.o                 496
    DblToS32.o                96
    DblToU32.o                60
    S32ToDbl.o                96
    U32ToDbl.o                16
    xdnorm.o                 124
    xdscale.o                456
    ----------------------------------------------
    Total:                 3 104

rt4t_al.a: [5]
    ABImemcpy.o              212
    ABImemset.o              124
    I32DivMod.o              468
    I64DivMod.o              296
    I64DivZer.o                4
    IntDivZer.o                4
    bwt_init3c.o
    cexit.o                   16
    cmain.o                   36
    copy_init3.o              46
    data_init3.o              84
    memchr.o                 148
    memcmp.o                 116
    strchr.o                  32
    strlen.o                  84
    zero_init3.o              40
    ----------------------------------------------
    Total:                 1 710

shs_l.a: [6]
    exit.o                    32
    xreturnswi.o               4
    ----------------------------------------------
    Total:                    36

    Gaps                                         2
    Linker created                     40    6 336
--------------------------------------------------
    Grand Total:         310 708   19 912   26 741


*******************************************************************************
*** ENTRY LIST
***

Entry                      Address    Size  Type      Object
-----                      -------    ----  ----      ------
?main                   0x0004f9c8          Code  Gb  cmain.o [5]
ABLLink                 0x00204884    0x40  Data  Gb  var.o [1]
ABT_STACK$$Base         0x00206830           --   Gb  - Linker created -
ABT_STACK$$Limit        0x00206870           --   Gb  - Linker created -
AIC_ClearIT             0x0000e07c    0x18  Code  Gb  tools.o [1]
AIC_ConfigureIT         0x0000e034    0x48  Code  Gb  usart.o [1]
AIC_DisableIT           0x00009248    0x18  Code  Gb  tools.o [1]
AIC_EnableIT            0x0000e094    0x18  Code  Gb  usart.o [1]
AMN                     0x0005092c     0x8  Data  Lc  DbugUsartApp.o [1]
ANSWER_TRANSMIT         0x00036530    0x40  Code  Gb  Pump.o [1]
ANSWER_TRANSMIT_ERR     0x00036570    0x40  Code  Gb  Pump.o [1]
ARMVerifyData           0x00050bd4     0x4  Data  Lc  Pump.o [1]
ASC2BCD_F               0x00025618    0xf8  Code  Gb  Keypad2.o [1]
ASN                     0x0005091c     0x8  Data  Lc  DbugUsartApp.o [1]
AT24_IsBusy             0x0000bd3c    0x18  Code  Gb  at24.o [1]
AT45_Configure          0x00007560    0x5c  Code  Gb  at45.o [1]
AT45_ERROR0             0x00050224    0x10  Data  Lc  lcd.o [1]
AT45_ERROR1             0x00050234    0x10  Data  Lc  lcd.o [1]
AT45_ErasePage          0x000077bc    0x7c  Code  Gb  at45.o [1]
AT45_FindDevice         0x00007700    0x84  Code  Gb  at45.o [1]
AT45_GetStatus          0x000078e4    0x60  Code  Gb  at45.o [1]
AT45_IsBusy             0x000076e8    0x18  Code  Gb  at45.o [1]
AT45_PageWriteBuf1      0x00007838    0xac  Code  Gb  at45.o [1]
AT45_Read               0x00007944    0x80  Code  Gb  at45.o [1]
AT45_SendCommand        0x000075bc   0x12c  Code  Gb  at45.o [1]
AT45_WaitReady          0x00007788    0x34  Code  Gb  at45.o [1]
AT45_Write              0x000079c4   0x3b8  Code  Gb  at45.o [1]
AT83_IsBusy             0x0001e160    0x18  Code  Gb  at83.o [1]
AT91F_Default_FIQ_handler
                        0x0004edd8          Code  Gb  Cstartup.o [1]
AT91F_Default_IRQ_handler
                        0x0004eddc          Code  Gb  Cstartup.o [1]
AT91F_LowLevelInit      0x0004f178   0x148  Code  Gb  Cstartup_SAM7.o [1]
AT91F_RSTGetStatus      0x000139e8     0x8  Code  Gb  init.o [1]
AT91F_Spurious_handler  0x0004ede0          Code  Gb  Cstartup.o [1]
AT91F_WDTRestart        0x0000d45c    0x10  Code  Gb  tools.o [1]
AddBlackListHead        0x00204ad4    0x1c  Data  Lc  list.o [1]
AddFA                   0x000083c8    0xf0  Code  Gb  tools.o [1]
AddPrintTask            0x0001d2fc    0xb0  Code  Gb  print.o [1]
AdjustSystime           0x00008184   0x244  Code  Gb  tools.o [1]
AidType                 0x00204f97     0x1  Data  Gb  SocialCard.o [1]
AnewInitUsart1          0x000145dc    0xdc  Code  Gb  CardDrive.o [1]
AnswerPOLL              0x000374fc    0x70  Code  Gb  Pump.o [1]
AppTimeFlg              0x00204f60     0x1  Data  Lc  CardDrive.o [1]
AppTimeOut              0x00014554    0x64  Code  Gb  CardDrive.o [1]
Arm70_POS_main          0x0004e5a4   0x29c  Code  Gb  POS.o [1]
Arm_g_posbuff           0x00203c90   0x100  Data  Gb  PosVar.o [1]
Asc2Hex                 0x0001e760   0x114  Code  Gb  CRMemCopy.o [1]
AscLog                  0x00009290   0x300  Code  Gb  AscLog.o [1]
At83C26Check            0x00014500    0x54  Code  Gb  CardDrive.o [1]
At83TimeOut             0x000166c4    0x10  Code  Gb  at83c26_app.o [1]
At83Ver                 0x00050104    0x10  Data  Gb  CardDrive.o [1]
At83c26Back             0x000155ac   0x2f0  Code  Gb  CardDrive.o [1]
BAL                     0x00050924     0x8  Data  Lc  DbugUsartApp.o [1]
BBLLink                 0x00200010  0x1058  Data  Gb  var.o [1]
BalScreenKeepTimer      0x00204e6c     0x4  Data  Gb  CRVaribles.o [1]
BaseBlackListHead       0x00204ab8    0x1c  Data  Lc  list.o [1]
BcdToAscii              0x00019ca8    0xa4  Code  Gb  print.o [1]
BeepClose               0x0000d5f4    0x20  Code  Gb  control.o [1]
BeepClose1              0x0000d614    0x20  Code  Gb  control.o [1]
BeepControl             0x0000d644    0x30  Code  Gb  control.o [1]
BeepControl2            0x0000d674    0x30  Code  Gb  control.o [1]
BeepDelay               0x0000d6a4    0x2c  Code  Gb  control.o [1]
BeepFlg                 0x00204f9f     0x1  Data  Gb  var.o [1]
BeepOpen                0x0000d5e0    0x14  Code  Gb  control.o [1]
BuildAddBlackListLink   0x00003a0c   0x1e4  Code  Gb  list.o [1]
BuildBaseBlackListLink  0x0000381c   0x1ec  Code  Gb  list.o [1]
BuildDelBlackListLink   0x00003c08   0x1e4  Code  Gb  list.o [1]
BuildListLink           0x00002b28   0x130  Code  Gb  list.o [1]
BuildWhiteListLink      0x00003dec   0x1e4  Code  Gb  list.o [1]
CHARAC_LIB_ERR          0x00050244    0x10  Data  Lc  lcd.o [1]
CRCardCommErrTimes      0x00204f4a     0x1  Data  Gb  CRVaribles.o [1]
CRLogTxt                0x00204944    0x34  Data  Gb  CRVaribles.o [1]
CRPowerFlag             0x00204f4e     0x1  Data  Gb  CRVaribles.o [1]
CRPowerOn_Proc          0x0004bb7c   0x414  Code  Gb  CRPowerOn.o [1]
CRSpringCardLog         0x0001e878   0x35c  Code  Gb  CRMemCopy.o [1]
CRStepLog               0x00204978    0x34  Data  Gb  CRVaribles.o [1]
CRType                  0x0020000a     0x1  Data  Gb  CRVaribles.o [1]
CRVoiceBusyFlag         0x00204f5a     0x1  Data  Gb  CRVaribles.o [1]
CR_ACKTimeOut           0x00021ccc    0x10  Code  Gb  CRCommand.o [1]
CR_BlackLists_Local     0x0003b248   0x2c8  Code  Gb  ICCardInProc2.o [1]
CR_BlackLists_POS       0x0003b510   0x114  Code  Gb  ICCardInProc2.o [1]
CR_CAPDU_Command_T0_ICCard
                        0x000207bc   0x3d4  Code  Gb  ICCardCommand.o [1]
CR_CAPDU_Command_T0_PSAM
                        0x00044ee8   0x2bc  Code  Gb  PSAMCommand.o [1]
CR_CARDPOWEROFF         0x00050c0c     0x2  Data  Gb  CRVaribles.o [1]
CR_CARDPOWERON          0x00050c0a     0x2  Data  Gb  CRVaribles.o [1]
CR_CARD_STATE           0x00050c06     0x2  Data  Gb  CRVaribles.o [1]
CR_Calc_BCC             0x00021cec    0x34  Code  Gb  CRCommand.o [1]
CR_CardReaderCheckCard  0x000224e0    0x98  Code  Gb  CRCommand.o [1]
CR_CardReaderPowerOffCard
                        0x000226cc    0x78  Code  Gb  CRCommand.o [1]
CR_CardReaderPowerOnCard
                        0x000226a4    0x28  Code  Gb  CRCommand.o [1]
CR_CardReaderReset      0x00022118   0x1cc  Code  Gb  CRCommand.o [1]
CR_CardReaderSpringOutCard
                        0x00022578   0x12c  Code  Gb  CRCommand.o [1]
CR_Check_Black_List     0x0003b624   0x118  Code  Gb  ICCardInProc2.o [1]
CR_Check_Err            0x0004d5d0   0x108  Code  Gb  CardReader.o [1]
CR_Check_Grey_Record    0x0004add0   0x298  Code  Gb  GreyCard.o [1]
CR_Check_White_List     0x0003b0cc   0x17c  Code  Gb  ICCardInProc2.o [1]
CR_Command              0x00021d20    0x40  Code  Gb  CRCommand.o [1]
CR_CommandStatus        0x00204f56     0x1  Data  Gb  CRVaribles.o [1]
CR_CommandType          0x00204f54     0x1  Data  Gb  CRVaribles.o [1]
CR_Command_232          0x00021ecc   0x24c  Code  Gb  CRCommand.o [1]
CR_Command_ACK_TimeOut  0x00204e74     0x4  Data  Gb  CRVaribles.o [1]
CR_Command_CR           0x000222e4   0x1fc  Code  Gb  CRCommand.o [1]
CR_Command_Response_TimeOut
                        0x00204e78     0x4  Data  Gb  CRVaribles.o [1]
CR_Command_TWI          0x00021d60   0x16c  Code  Gb  CRCommand.o [1]
CR_DESELECT             0x00050c12     0x2  Data  Gb  CRVaribles.o [1]
CR_GET_CARDTYPE         0x00050c16     0x2  Data  Gb  CRVaribles.o [1]
CR_GetGreyResponse      0x0004b068   0x1a4  Code  Gb  GreyCard.o [1]
CR_GetGreyResponse_Local
                        0x0004b20c    0x8c  Code  Gb  GreyCard.o [1]
CR_GetLastTrans         0x000477b0   0x1a4  Code  Gb  CRPumpBusy.o [1]
CR_ICCARD_Clear_Lock_Proof
                        0x00021074    0x2c  Code  Gb  ICCardCommand.o [1]
CR_ICCARD_Debit_Grey_Unlock
                        0x00021224    0x80  Code  Gb  ICCardCommand.o [1]
CR_ICCARD_Get_Balance   0x000210a4    0x80  Code  Gb  ICCardCommand.o [1]
CR_ICCARD_Get_Lock_Proof
                        0x00020ff4    0x80  Code  Gb  ICCardCommand.o [1]
CR_ICCARD_Init_Grey_Lock
                        0x00021124    0x80  Code  Gb  ICCardCommand.o [1]
CR_ICCARD_Read_FID_0x15
                        0x00020cbc    0x64  Code  Gb  ICCardCommand.o [1]
CR_ICCARD_Read_Record   0x00020f40    0x80  Code  Gb  ICCardCommand.o [1]
CR_ICCARD_Read_SFI_0x15
                        0x00020d24    0x80  Code  Gb  ICCardCommand.o [1]
CR_ICCARD_Read_SFI_0x16
                        0x00020da4    0x80  Code  Gb  ICCardCommand.o [1]
CR_ICCARD_Read_SFI_0x1B
                        0x00020e30    0x80  Code  Gb  ICCardCommand.o [1]
CR_ICCARD_Read_SFI_0x1C
                        0x00020eb8    0x80  Code  Gb  ICCardCommand.o [1]
CR_ICCARD_Select_Loyalty_APP
                        0x00020bf8    0x64  Code  Gb  ICCardCommand.o [1]
CR_ICCARD_Select_Saveoil_APP
                        0x00020c5c    0x60  Code  Gb  ICCardCommand.o [1]
CR_ICCARD_Select_Sinopec_APP
                        0x00020b94    0x64  Code  Gb  ICCardCommand.o [1]
CR_ICCARD_Select_Social_APP
                        0x0001f0a4    0x64  Code  Gb  SocialCard.o [1]
CR_ICCARD_Set_Grey_Lock
                        0x000211a4    0x80  Code  Gb  ICCardCommand.o [1]
CR_ICCARD_Verify_PIN    0x00020fc0    0x2c  Code  Gb  ICCardCommand.o [1]
CR_IC_ColdReset_7816    0x0001f4f8   0x244  Code  Gb  ICCardCommand.o [1]
CR_ID                   0x00204f8d     0x1  Data  Gb  Pvar.o [1]
CR_Last_CommandType     0x00204f55     0x1  Data  Gb  CRVaribles.o [1]
CR_MACType              0x00204f57     0x1  Data  Gb  CRVaribles.o [1]
CR_MAC_CommandType      0x00204f58     0x1  Data  Gb  CRVaribles.o [1]
CR_OfflineTrans_Or_Not  0x0004839c   0x2bc  Code  Gb  CRPumpBusy.o [1]
CR_POLL_TYPE_A          0x00050c0e     0x2  Data  Gb  CRVaribles.o [1]
CR_POLL_TYPE_B          0x00050c10     0x2  Data  Gb  CRVaribles.o [1]
CR_PSAM1_ColdReset_7816_50V
                        0x00044ebc    0x2c  Code  Gb  PSAMCommand.o [1]
CR_PSAM_Certificate_Grey_Lock
                        0x000454b4    0x38  Code  Gb  PSAMCommand.o [1]
CR_PSAM_ColdReset       0x00044c4c   0x258  Code  Gb  PSAMCommand.o [1]
CR_PSAM_Credit_Grey_Debit
                        0x000454ec    0x70  Code  Gb  PSAMCommand.o [1]
CR_PSAM_DES_Encrypt0    0x00045608    0x38  Code  Gb  PSAMCommand.o [1]
CR_PSAM_DES_Encrypt1    0x00045644    0x38  Code  Gb  PSAMCommand.o [1]
CR_PSAM_DES_Encrypt2    0x0004567c    0x38  Code  Gb  PSAMCommand.o [1]
CR_PSAM_Get_GMAC        0x0004555c    0x70  Code  Gb  PSAMCommand.o [1]
CR_PSAM_Init_DES_Encrypt
                        0x000455d0    0x38  Code  Gb  PSAMCommand.o [1]
CR_PSAM_Init_Grey_Lock  0x00045444    0x70  Code  Gb  PSAMCommand.o [1]
[...]
Write_RESTART_PUMP      0x00034e7c    0x68  Code  Gb  Pump.o [1]
Write_STOP_PUMP         0x00034bdc    0xcc  Code  Gb  Pump.o [1]
Write_UPLOAD_CONFIG     0x00034d18    0x70  Code  Gb  Pump.o [1]
Write_UPLOAD_CUR_TRANS  0x00034810    0x98  Code  Gb  Pump.o [1]
Write_UPLOAD_ERR_NO     0x00034d88    0x70  Code  Gb  Pump.o [1]
Write_UPLOAD_VERSION    0x00034df8    0x84  Code  Gb  Pump.o [1]
Write_VERIFY_PUMP       0x00034200    0x54  Code  Gb  Pump.o [1]
Write_VOICE_DATA        0x00034fd4    0x64  Code  Gb  Pump.o [1]
Write_VOLUME_MODIFY     0x00034f78    0x54  Code  Gb  Pump.o [1]
YEAR                    0x0004fcec    0x1c  Data  Gb  var.o [1]
YUAN                    0x00050bec     0x4  Data  Lc  print.o [1]
ZeroVolumeFlag          0x00204f90     0x1  Data  Gb  Pvar.o [1]
ZimoCrc                 0x00050c26     0x2  Data  Lc  init.o [1]
_GenldFull              0x00013550   0x3f0  Code  Lc  xprintffull.o [3]
_LdtobFull              0x00012dd8   0x76c  Code  Lc  xprintffull.o [3]
_LitobFull              0x00012c44   0x194  Code  Lc  xprintffull.o [3]
_PrintfFull             0x000123c4   0x880  Code  Gb  xprintffull.o [3]
_PutcharsFull           0x00013940    0x60  Code  Lc  xprintffull.o [3]
_SProut                 0x00050080    0x14  Code  Gb  xsprout.o [3]
__aeabi_cdcmple         0x0001d6c4          Code  Gb  DblCmpLe.o [4]
__aeabi_cdrcmple        0x0001d6fc          Code  Gb  DblCmpGe.o [4]
__aeabi_d2iz            0x0001d8fc          Code  Gb  DblToS32.o [4]
__aeabi_d2uiz           0x0001e0dc          Code  Gb  DblToU32.o [4]
__aeabi_dadd            0x0001ec88          Code  Gb  DblAdd.o [4]
__aeabi_ddiv            0x0001dda4          Code  Gb  DblDiv.o [4]
__aeabi_dmul            0x0001dbac          Code  Gb  DblMul.o [4]
__aeabi_dsub            0x0001d9bc          Code  Gb  DblSub.o [4]
__aeabi_errno_addr      0x00028900     0x8  Code  Gb  errno.o [3]
__aeabi_i2d             0x0001d95c          Code  Gb  S32ToDbl.o [4]
__aeabi_idiv            0x0000ba78          Code  Gb  I32DivMod.o [5]
__aeabi_idiv0           0x00010e5c          Code  Gb  IntDivZer.o [5]
__aeabi_idivmod         0x0000ba78          Code  Gb  I32DivMod.o [5]
__aeabi_ldiv0           0x0001ec84          Code  Gb  I64DivZer.o [5]
__aeabi_ldivmod         0x0001d520          Code  Gb  I64DivMod.o [5]
__aeabi_memcpy          0x00010d88          Code  Gb  ABImemcpy.o [5]
__aeabi_memcpy4         0x00010dac          Code  Gb  ABImemcpy.o [5]
__aeabi_memcpy8         0x00010dac          Code  Gb  ABImemcpy.o [5]
__aeabi_memset          0x0000bcc0          Code  Gb  ABImemset.o [5]
__aeabi_ui2d            0x0001e118          Code  Gb  U32ToDbl.o [4]
__aeabi_uidiv           0x0000ba88          Code  Gb  I32DivMod.o [5]
__aeabi_uidivmod        0x0000ba88          Code  Gb  I32DivMod.o [5]
__aeabi_uldivmod        0x0001d538          Code  Gb  I64DivMod.o [5]
__cmain                 0x0004f9c8          Code  Gb  cmain.o [5]
__exit                  0x0004fa00    0x20  Code  Gb  exit.o [6]
__iar_Dnorm             0x0001d648    0x7c  Code  Gb  xdnorm.o [4]
__iar_Dscale            0x0001d734   0x1c8  Code  Gb  xdscale.o [4]
__iar_Errno             0x00204f28     0x4  Data  Gb  errno.o [3]
__iar_Memchr            0x0000e0f8          Code  Gb  memchr.o [5]
__iar_Memset            0x0000bcc0          Code  Gb  ABImemset.o [5]
__iar_Memset_word       0x0000bccc          Code  Gb  ABImemset.o [5]
__iar_Stoul             0x000288a8     0x8  Code  Gb  xstoul.o [3]
__iar_Stoulx            0x000286e4   0x1c4  Code  Gb  xstoul.o [3]
__iar_Strchr            0x0001d500          Code  Gb  strchr.o [5]
__iar_copy_init3        0x000139bb    0x2e  Code  Gb  copy_init3.o [5]
__iar_dadd              0x0001ec98          Code  Gb  DblAdd.o [4]
__iar_data_init3        0x0004f898    0x54  Code  Gb  data_init3.o [5]
__iar_default_requirements$$_Printf<unknown>sprintf {Abs}
                        0x00000000           --   Gb  sprintf.o [3]
__iar_default_requirements$$_Printf<unknown>vsprintf {Abs}
                        0x00000000           --   Gb  vsprintf.o [3]
__iar_dlib_perthread_access
                        0x0002890c     0x4  Code  Gb  xtls.o [3]
__iar_dsub              0x0001d9cc          Code  Gb  DblSub.o [4]
__iar_dsubStart         0x0001d9ec          Code  Gb  DblSub.o [4]
__iar_i2d               0x0001d970          Code  Gb  S32ToDbl.o [4]
__iar_program_start     0x0004ede8          Code  Gb  Cstartup.o [1]
__iar_provide$$_Printf<flags,floats,hex_floats,int_specials,long_longs,n_formatters,qualifiers,widths>_PrintfFull {Abs}
                        0x00000000           --   Gb  xprintffull.o [3]
__iar_return_from_swi   0x00050c00     0x4  Code  Gb  xreturnswi.o [6]
__iar_zero_init3        0x0004f97d    0x28  Code  Gb  zero_init3.o [5]
__low_level_init        0x0004f9ec     0x8  Code  Gb  low_level_init.o [3]
__vector                0x00000000          Code  Gb  Cstartup.o [1]
_call_main              0x0004f9d8          Code  Gb  cmain.o [5]
_exit                   0x0004fa20          Code  Gb  cexit.o [5]
_main                   0x0004f9e0          Code  Gb  cmain.o [5]
addr_bus                0x0005081c     0xc  Data  Gb  var.o [1]
alling                  0x00050bcc     0x4  Data  Gb  DbugUsartApp.o [1]
at24                    0x00204d94    0x14  Data  Gb  var.o [1]
at24Device              0x0004f678    0xb0  Data  Gb  at24.o [1]
at45                    0x00204758    0x50  Data  Gb  var.o [1]
at45Devices             0x0004f5b0    0xc8  Data  Lc  at45.o [1]
at83                    0x00204a64    0x2c  Data  Gb  var.o [1]
at83ch                  0x002042f0    0xa0  Data  Gb  var.o [1]
atoi                    0x000286a4    0x20  Code  Gb  Keypad2.o [1]
backing                 0x00050348     0xc  Data  Gb  DbugUsartApp.o [1]
beep                    0x0005072c     0xc  Data  Gb  var.o [1]
begin_load_all          0x0004fdb0    0x18  Data  Gb  DbugUsartApp.o [1]
c26_config_init         0x00019208    0x4c  Code  Gb  at83.o [1]
c26_dcdca_start         0x00019254   0x198  Code  Gb  at83.o [1]
c26_dcdcb_start         0x000193ec   0x1b4  Code  Gb  at83.o [1]
c26_read                0x00018114   0x15c  Code  Gb  at83.o [1]
c26_read_cmd1           0x0001842c    0x48  Code  Gb  at83.o [1]
c26_read_cmd1_init      0x000183e4    0x48  Code  Gb  at83.o [1]
c26_read_cmd1_sc1_cfg1  0x0001854c    0x48  Code  Gb  at83.o [1]
c26_read_cmd1_sc1_cfg2  0x00018504    0x48  Code  Gb  at83.o [1]
c26_read_cmd1_sc1_cfg4  0x000184bc    0x48  Code  Gb  at83.o [1]
c26_read_cmd1_sc1_interface
                        0x00018474    0x48  Code  Gb  at83.o [1]
c26_read_cmd1_sc1_status
                        0x00018594    0x48  Code  Gb  at83.o [1]
c26_read_cmd2           0x000185dc    0x48  Code  Gb  at83.o [1]
c26_read_cmd2_interfaceb
                        0x0001866c    0x48  Code  Gb  at83.o [1]
c26_read_cmd2_io_select
                        0x000186b4    0x48  Code  Gb  at83.o [1]
c26_read_cmd2_itdis     0x00018624    0x48  Code  Gb  at83.o [1]
c26_read_cmd3           0x000186fc    0x48  Code  Gb  at83.o [1]
c26_read_cmd3_sc2_cfg0  0x0001878c    0x48  Code  Gb  at83.o [1]
c26_read_cmd3_sc2_cfg2  0x00018744    0x48  Code  Gb  at83.o [1]
c26_read_cmd4           0x000187d4    0x48  Code  Gb  at83.o [1]
c26_read_cmd4_sc3_cfg0  0x00018864    0x48  Code  Gb  at83.o [1]
c26_read_cmd4_sc3_cfg2  0x0001881c    0x48  Code  Gb  at83.o [1]
c26_read_cmd5           0x000188ac    0x48  Code  Gb  at83.o [1]
c26_read_cmd5_sc4_cfg0  0x0001893c    0x48  Code  Gb  at83.o [1]
c26_read_cmd5_sc4_cfg2  0x000188f4    0x48  Code  Gb  at83.o [1]
c26_read_cmd6           0x00018984    0x48  Code  Gb  at83.o [1]
c26_read_cmd6_sc5_cfg0  0x00018a14    0x48  Code  Gb  at83.o [1]
c26_read_cmd6_sc5_cfg2  0x000189cc    0x48  Code  Gb  at83.o [1]
c26_read_cmd7           0x00018a5c    0x48  Code  Gb  at83.o [1]
c26_read_cmd7_dcdcb     0x00018aa4    0x48  Code  Gb  at83.o [1]
c26_read_init           0x00017e04   0x174  Code  Gb  at83.o [1]
c26_select              0x00016ae4   0x618  Code  Gb  at83c26_app.o [1]
c26_start_cvcc1         0x000195a0    0x24  Code  Gb  at83.o [1]
c26_start_cvcc2         0x000195c4    0x5c  Code  Gb  at83.o [1]
c26_start_cvcc3         0x00019654    0x5c  Code  Gb  at83.o [1]
c26_start_cvcc4         0x000196e4    0x5c  Code  Gb  at83.o [1]
c26_start_cvcc5         0x00019774    0x5c  Code  Gb  at83.o [1]
c26_stop_cvcc2          0x00019620    0x34  Code  Gb  at83.o [1]
c26_stop_cvcc3          0x000196b0    0x34  Code  Gb  at83.o [1]
c26_stop_cvcc4          0x00019740    0x34  Code  Gb  at83.o [1]
c26_stop_cvcc5          0x000197d0    0x34  Code  Gb  at83.o [1]
c26_write               0x00018270   0x174  Code  Gb  at83.o [1]
c26_write_cmd10         0x000190a8    0x44  Code  Gb  at83.o [1]
c26_write_cmd10_sc5_cfg0
                        0x000190ec    0x44  Code  Gb  at83.o [1]
c26_write_cmd10_sc5_cfg2
                        0x00019130    0x50  Code  Gb  at83.o [1]
c26_write_cmd11         0x00019180    0x44  Code  Gb  at83.o [1]
c26_write_cmd11_dcdcb   0x000191c4    0x44  Code  Gb  at83.o [1]
c26_write_cmd2          0x00018aec    0x34  Code  Gb  at83.o [1]
c26_write_cmd3          0x00018b20    0x44  Code  Gb  at83.o [1]
c26_write_cmd3_sc1_cfg0
                        0x00018b64    0x4c  Code  Gb  at83.o [1]
c26_write_cmd3_sc1_cfg1
                        0x00018bb0    0x3c  Code  Gb  at83.o [1]
c26_write_cmd3_sc1_cfg2
                        0x00018bec    0x3c  Code  Gb  at83.o [1]
c26_write_cmd4          0x00018c28    0x44  Code  Gb  at83.o [1]
c26_write_cmd5          0x00018c6c    0x34  Code  Gb  at83.o [1]
c26_write_cmd5_sc1_interface
                        0x00018ca0    0x40  Code  Gb  at83.o [1]
c26_write_cmd6          0x00018ce0    0x44  Code  Gb  at83.o [1]
c26_write_cmd6_interfaceb
                        0x00018d68    0x50  Code  Gb  at83.o [1]
c26_write_cmd6_io_select
                        0x00018d24    0x44  Code  Gb  at83.o [1]
c26_write_cmd6_itdis    0x00018db8    0x50  Code  Gb  at83.o [1]
c26_write_cmd7          0x00018e08    0x44  Code  Gb  at83.o [1]
c26_write_cmd7_sc2_cfg0
                        0x00018e4c    0x44  Code  Gb  at83.o [1]
c26_write_cmd7_sc2_cfg2
                        0x00018e90    0x50  Code  Gb  at83.o [1]
c26_write_cmd8          0x00018ee0    0x50  Code  Gb  at83.o [1]
c26_write_cmd8_sc3_cfg0
                        0x00018f30    0x44  Code  Gb  at83.o [1]
c26_write_cmd8_sc3_cfg2
                        0x00018f74    0x5c  Code  Gb  at83.o [1]
c26_write_cmd9          0x00018fd0    0x44  Code  Gb  at83.o [1]
c26_write_cmd9_sc4_cfg0
                        0x00019014    0x44  Code  Gb  at83.o [1]
c26_write_cmd9_sc4_cfg2
                        0x00019058    0x50  Code  Gb  at83.o [1]
c26_write_init          0x00017f78   0x194  Code  Gb  at83.o [1]
cZimo4x5Addr            0x00050b3c     0x8  Data  Gb  lcd.o [1]
cZimo7x12Addr           0x00050b44     0x8  Data  Gb  lcd.o [1]
card_app_select_poweroff
                        0x0003abf4    0x3c  Code  Gb  ICCardInProc.o [1]
card_in                 0x000507a4     0xc  Data  Gb  var.o [1]
card_loyalty_app_deal   0x0003acb8    0x6c  Code  Gb  ICCardInProc.o [1]
card_open               0x00050798     0xc  Data  Gb  var.o [1]
card_saveoil_app_deal   0x0003ad24    0x38  Code  Gb  ICCardInProc.o [1]
card_sinopec_app_deal   0x0003ac34    0x84  Code  Gb  ICCardInProc.o [1]
chCtrl                  0x002047a8    0x50  Data  Gb  var.o [1]
command_err             0x00050164    0x10  Data  Gb  DbugUsartApp.o [1]
computer_zimo           0x00050b24     0x8  Data  Lc  lcd.o [1]
configing               0x000508ec     0x8  Data  Gb  DbugUsartApp.o [1]
cr_protected            0x00204840    0x44  Data  Gb  var.o [1]
ctrl_bus                0x00050828     0xc  Data  Gb  var.o [1]
data_bus                0x00050810     0xc  Data  Gb  var.o [1]
dbgu_buf                0x00202ea4   0x200  Data  Gb  DbugUsart.o [1]
dbug_flg                0x00204f64     0x1  Data  Lc  DbugUsartApp.o [1]
dbug_len                0x00204e88     0x4  Data  Lc  DbugUsartApp.o [1]
dbug_printf             0x000090f8    0x44  Code  Gb  DbugUsart.o [1]
dbug_usart              0x000507e0     0xc  Data  Gb  var.o [1]
delay                   0x00014b2c    0x18  Code  Gb  CardDrive.o [1]
digits                  0x000288b0    0x28  Data  Lc  xstoul.o [3]
div                     0x0001e128    0x38  Code  Gb  div.o [3]
download_g_code         0x0004fedc    0x14  Data  Gb  DbugUsartApp.o [1]
download_gcode_len      0x0004fd38    0x18  Data  Gb  DbugUsartApp.o [1]
download_ticket_head    0x0004fd20    0x18  Data  Gb  DbugUsartApp.o [1]
errno                   0x00204f24     0x4  Data  Gb  var.o [1]
exit                    0x0004f9f4     0xc  Code  Gb  exit.o [3]
exit_dbug               0x00050330     0xc  Data  Gb  DbugUsartApp.o [1]
exit_dbug_ok            0x00050154    0x10  Data  Gb  DbugUsartApp.o [1]
fiq                     0x00050780     0xc  Data  Gb  var.o [1]
flag                    0x00204f45     0x1  Data  Gb  CRCommand.o [1]
format_all_ok           0x0004fc98    0x1c  Data  Gb  list.o [1]
format_all_y_n          0x0004ff2c    0x14  Data  Gb  DbugUsartApp.o [1]
format_config_ok        0x0004fc44    0x1c  Data  Gb  list.o [1]
format_config_y_n       0x0004fd68    0x18  Data  Gb  DbugUsartApp.o [1]
format_log_ok           0x0004fc7c    0x1c  Data  Gb  list.o [1]
format_log_y_n          0x0004ff18    0x14  Data  Gb  DbugUsartApp.o [1]
format_protected_ok     0x0004fad4    0x20  Data  Gb  list.o [1]
format_protected_y_n    0x0004fd98    0x18  Data  Gb  DbugUsartApp.o [1]
format_record_ok        0x0004fc60    0x1c  Data  Gb  list.o [1]
format_record_y_n       0x0004fd80    0x18  Data  Gb  DbugUsartApp.o [1]
formated                0x0004fdc8    0x18  Data  Gb  DbugUsartApp.o [1]
formating               0x000508cc     0x8  Data  Gb  DbugUsartApp.o [1]
formatinging            0x0004ff40    0x14  Data  Gb  DbugUsartApp.o [1]
g_code                  0x000508d4     0x8  Data  Gb  DbugUsartApp.o [1]
g_code_len              0x000508dc     0x8  Data  Gb  DbugUsartApp.o [1]
gcode_data_err          0x0004fa74    0x20  Data  Gb  DbugUsartApp.o [1]
gcode_data_ok           0x0004fb64    0x1c  Data  Gb  DbugUsartApp.o [1]
irq0                    0x0005078c     0xc  Data  Gb  var.o [1]
irq1                    0x00050768     0xc  Data  Gb  var.o [1]
iso                     0x00203634   0x12c  Data  Gb  var.o [1]
iso7816                 0x000507d4     0xc  Data  Gb  var.o [1]
isoLimitFlg             0x00204f62     0x1  Data  Lc  CardDrive.o [1]
isolen                  0x00204f61     0x1  Data  Lc  CardDrive.o [1]
jump                    0x00050774     0xc  Data  Gb  var.o [1]
lcd_bl                  0x00050738     0xc  Data  Gb  var.o [1]
limit_flg               0x00204f7b     0x1  Data  Gb  PosVar.o [1]
loading                 0x000508c4     0x8  Data  Gb  DbugUsartApp.o [1]
log_ok                  0x0004ff04    0x14  Data  Gb  DbugUsartApp.o [1]
log_snd_ok              0x0004fef0    0x14  Data  Gb  DbugUsartApp.o [1]
loging                  0x00050bc8     0x4  Data  Gb  DbugUsartApp.o [1]
m1172                   0x00204a90    0x28  Data  Gb  var.o [1]
main                    0x0004f728    0xb0  Code  Gb  main.o [1]
mask12_down             0x00050b14     0x8  Data  Gb  lcd.o [1]
mask12_up               0x00050b1c     0x8  Data  Gb  lcd.o [1]
mask4x5_down            0x00050b04     0x8  Data  Gb  lcd.o [1]
mask4x5_up              0x00050b0c     0x8  Data  Gb  lcd.o [1]
mask_down               0x00050af4     0x8  Data  Gb  lcd.o [1]
mask_up                 0x00050afc     0x8  Data  Gb  lcd.o [1]
memchr                  0x0000e0f8          Code  Gb  memchr.o [5]
memcmp                  0x0000bc4c          Code  Gb  memcmp.o [5]
memcpy                  0x0000ba4c    0x2c  Code  Gb  tools.o [1]
memset                  0x0000730c    0x2c  Code  Gb  tc.o [1]
ndigs                   0x000288d8    0x28  Data  Lc  xstoul.o [3]
nexting                 0x000508f4     0x8  Data  Gb  DbugUsartApp.o [1]
no_allow                0x0004f9a4    0x24  Data  Gb  DbugUsartApp.o [1]
no_com                  0x00050c1e     0x2  Data  Gb  DbugUsartApp.o [1]
pBeepTmr                0x00204f08     0x4  Data  Gb  var.o [1]
pCommand                0x00204e8c     0x4  Data  Gb  DbugUsartApp.o [1]
pDbugTmr                0x00204e9c     0x4  Data  Lc  DbugUsartApp.o [1]
pLcdTmr                 0x00204f0c     0x4  Data  Gb  var.o [1]
pPrintFreeList          0x00204f1c     0x4  Data  Gb  var.o [1]
pPrintList              0x00204f20     0x4  Data  Gb  var.o [1]
pTimer1                 0x00204f18     0x4  Data  Gb  var.o [1]
pTmrCardSpring          0x00204e5c     0x4  Data  Lc  CRCommand.o [1]
pTmrCheckCrad           0x00204e58     0x4  Data  Lc  CRCommand.o [1]
pin_twi                 0x000507b0     0xc  Data  Gb  var.o [1]
pit_val                 0x00204e38     0x8  Data  Gb  var.o [1]
printStruct             0x00201068   0x800  Data  Gb  print.o [1]
print_dispose           0x00019fc8  0x32a8  Code  Gb  print.o [1]
prn_cts                 0x0005075c     0xc  Data  Gb  var.o [1]
protecting              0x00050354     0xc  Data  Gb  DbugUsartApp.o [1]
prt0_dt                 0x00050c28     0x2  Data  Lc  print.o [1]
pumpOffline             0x00050b34     0x8  Data  Lc  lcd.o [1]
pumpOnline              0x00050b2c     0x8  Data  Lc  lcd.o [1]
queue                   0x00202c9c   0x208  Data  Gb  var.o [1]
recevice_error          0x00050904     0x8  Data  Gb  DbugUsartApp.o [1]
recevice_ok             0x000508fc     0x8  Data  Gb  DbugUsartApp.o [1]
record_snd_ok           0x0004fd50    0x18  Data  Gb  DbugUsartApp.o [1]
recording               0x000508e4     0x8  Data  Gb  DbugUsartApp.o [1]
recording_ok            0x0005036c     0xc  Data  Gb  DbugUsartApp.o [1]
reset_typ               0x00204fac     0x1  Data  Gb  var.o [1]
residue                 0x00050aec     0x8  Data  Gb  lcd.o [1]
returning_ok            0x00050360     0xc  Data  Gb  DbugUsartApp.o [1]
run_led                 0x00050720     0xc  Data  Gb  var.o [1]
spi                     0x000507ec     0xc  Data  Gb  var.o [1]
spi_ncs1                0x000507f8     0xc  Data  Gb  var.o [1]
spi_ncs2                0x00050804     0xc  Data  Gb  var.o [1]
spi_status              0x00204f9d     0x1  Data  Gb  var.o [1]
spid                    0x00204de0    0x10  Data  Gb  var.o [1]
sprintf                 0x00010c70    0x5c  Code  Gb  sprintf.o [3]
start_dbug              0x00050324     0xc  Data  Gb  DbugUsartApp.o [1]
start_dbug_ok           0x00050124    0x10  Data  Gb  DbugUsartApp.o [1]
start_formating         0x00050144    0x10  Data  Gb  DbugUsartApp.o [1]
start_loading           0x00050134    0x10  Data  Gb  DbugUsartApp.o [1]
strchr                  0x0001d500          Code  Gb  strchr.o [5]
strlen                  0x000090a4          Code  Gb  strlen.o [5]
ticket_head             0x0005033c     0xc  Data  Gb  DbugUsartApp.o [1]
ticket_head_err         0x0004fa54    0x20  Data  Gb  DbugUsartApp.o [1]
ticket_head_ok          0x0004fb48    0x1c  Data  Gb  DbugUsartApp.o [1]
timer1_val              0x00204e30     0x8  Data  Gb  var.o [1]
timer_val               0x00204e28     0x8  Data  Gb  var.o [1]
twi_adr                 0x00050744     0xc  Data  Gb  var.o [1]
twid                    0x00204dfc     0xc  Data  Gb  var.o [1]
usart0                  0x000507bc     0xc  Data  Gb  var.o [1]
usart1                  0x000507c8     0xc  Data  Gb  var.o [1]
usbcnx                  0x00050750     0xc  Data  Gb  var.o [1]
vsprintf                0x0000e0ac    0x4c  Code  Gb  vsprintf.o [3]
x8modfify               0x0003868c    0x90  Code  Gb  Verify.o [1]
yes_com                 0x00050c1c     0x2  Data  Gb  DbugUsartApp.o [1]


[1] = D:\Gpay01\Gpay010511\Debug\Obj
[2] = command line
[3] = dl4t_aln.a
[4] = m4t_al.a
[5] = rt4t_al.a
[6] = shs_l.a

  310 708 bytes of readonly  code memory
   19 912 bytes of readonly  data memory
   26 741 bytes of readwrite data memory

Errors: none
Warnings: none
